# gaps.log — 设计系统 Token 缺口记录
# 以下硬编码值未找到对应的设计系统 token，需手动补充

avatar.html:648 — 硬编码字号 11px，应使用 var(--font-size-*)
avatar.html:700 — 硬编码字号 14px，应使用 var(--font-size-*)
dev.html:290 — 硬编码字号 14px，应使用 var(--font-size-*)
dev.html:296 — 硬编码字号 14px，应使用 var(--font-size-*)
dev.html:300 — 硬编码字号 14px，应使用 var(--font-size-*)
kanban.html:361 — 硬编码字号 14px，应使用 var(--font-size-*)
kanban.html:376 — 硬编码字号 14px，应使用 var(--font-size-*)
kanban.html:386 — 硬编码字号 12px，应使用 var(--font-size-*)
kanban.html:415 — 硬编码字号 14px，应使用 var(--font-size-*)
kanban.html:437 — 硬编码字号 14px，应使用 var(--font-size-*)
kanban.html:443 — 硬编码字号 24px，应使用 var(--font-size-*)
kanban.html:462 — 硬编码字号 16px，应使用 var(--font-size-*)
kanban.html:475 — 硬编码字号 14px，应使用 var(--font-size-*)
kanban.html:477 — 硬编码字号 10px，应使用 var(--font-size-*)
kanban.html:506 — 硬编码字号 14px，应使用 var(--font-size-*)
kanban.html:516 — 硬编码字号 12px，应使用 var(--font-size-*)
kanban.html:525 — 硬编码字号 12px，应使用 var(--font-size-*)
kanban.html:526 — 硬编码字号 12px，应使用 var(--font-size-*)
kanban.html:527 — 硬编码字号 12px，应使用 var(--font-size-*)
kanban.html:531 — 硬编码字号 12px，应使用 var(--font-size-*)
kanban.html:565 — 硬编码字号 12px，应使用 var(--font-size-*)
kanban.html:570 — 硬编码字号 12px，应使用 var(--font-size-*)
kanban.html:953 — 硬编码字号 15px，应使用 var(--font-size-*)
req-kanban.html:675 — CSS 硬编码色值 #E0F5F2，应使用设计系统变量 var(--color-*)
req-kanban.html:675 — CSS 硬编码色值 #0FA79A，应使用设计系统变量 var(--color-*)
req-kanban.html:349 — 硬编码字号 14px，应使用 var(--font-size-*)
req-kanban.html:364 — 硬编码字号 14px，应使用 var(--font-size-*)
req-kanban.html:374 — 硬编码字号 12px，应使用 var(--font-size-*)
req-kanban.html:395 — 硬编码字号 14px，应使用 var(--font-size-*)
req-kanban.html:413 — 硬编码字号 14px，应使用 var(--font-size-*)
req-kanban.html:419 — 硬编码字号 24px，应使用 var(--font-size-*)
req-kanban.html:427 — 硬编码字号 16px，应使用 var(--font-size-*)
req-kanban.html:437 — 硬编码字号 14px，应使用 var(--font-size-*)
req-kanban.html:438 — 硬编码字号 13px，应使用 var(--font-size-*)
req-kanban.html:439 — 硬编码字号 10px，应使用 var(--font-size-*)
req-kanban.html:447 — 硬编码字号 14px，应使用 var(--font-size-*)
req-kanban.html:449 — 硬编码字号 12px，应使用 var(--font-size-*)
req-kanban.html:458 — 硬编码字号 12px，应使用 var(--font-size-*)
req-kanban.html:459 — 硬编码字号 12px，应使用 var(--font-size-*)
req-kanban.html:460 — 硬编码字号 12px，应使用 var(--font-size-*)
req-kanban.html:464 — 硬编码字号 12px，应使用 var(--font-size-*)
req-kanban.html:469 — 硬编码字号 12px，应使用 var(--font-size-*)
req-kanban.html:471 — 硬编码字号 12px，应使用 var(--font-size-*)
req-kanban.html:476 — 硬编码字号 12px，应使用 var(--font-size-*)
req-kanban.html:617 — 硬编码字号 24px，应使用 var(--font-size-*)
req-kanban.html:623 — 硬编码字号 16px，应使用 var(--font-size-*)
task-detail.html:403 — 硬编码字号 16px，应使用 var(--font-size-*)
task-detail.html:439 — 硬编码字号 18px，应使用 var(--font-size-*)
task-detail.html:1297 — 硬编码字号 11px，应使用 var(--font-size-*)
task-detail.html:1356 — 硬编码字号 14px，应使用 var(--font-size-*)
task-detail.html:1479 — 硬编码字号 14px，应使用 var(--font-size-*)
task-detail.html:1480 — 硬编码字号 12px，应使用 var(--font-size-*)
task-detail.html:1485 — 硬编码字号 14px，应使用 var(--font-size-*)
task-detail.html:1498 — 硬编码字号 14px，应使用 var(--font-size-*)
task-detail.html:1506 — 硬编码字号 12px，应使用 var(--font-size-*)
task-detail.html:1511 — 硬编码字号 14px，应使用 var(--font-size-*)
task-detail.html:1599 — 硬编码字号 16px，应使用 var(--font-size-*)
task-detail.html:1611 — 硬编码字号 14px，应使用 var(--font-size-*)
task-detail.html:1638 — 硬编码字号 14px，应使用 var(--font-size-*)
task-detail.html:1667 — 硬编码字号 14px，应使用 var(--font-size-*)
task-detail.html:1671 — 硬编码字号 14px，应使用 var(--font-size-*)
task-detail.html:1673 — 硬编码字号 14px，应使用 var(--font-size-*)
task-detail.html:1679 — 硬编码字号 14px，应使用 var(--font-size-*)
task-detail.html:1689 — 硬编码字号 14px，应使用 var(--font-size-*)
task-detail.html:2022 — 硬编码字号 15px，应使用 var(--font-size-*)
