# gaps.log — 设计系统 Token 缺口记录
# 以下硬编码值未找到对应的设计系统 token，需手动补充

avatar.html:578 — 硬编码字号 11px，应使用 var(--font-size-*)
avatar.html:630 — 硬编码字号 14px，应使用 var(--font-size-*)
dev.html:220 — 硬编码字号 14px，应使用 var(--font-size-*)
dev.html:226 — 硬编码字号 14px，应使用 var(--font-size-*)
dev.html:230 — 硬编码字号 14px，应使用 var(--font-size-*)
kanban.html:291 — 硬编码字号 14px，应使用 var(--font-size-*)
kanban.html:306 — 硬编码字号 14px，应使用 var(--font-size-*)
kanban.html:316 — 硬编码字号 12px，应使用 var(--font-size-*)
kanban.html:345 — 硬编码字号 14px，应使用 var(--font-size-*)
kanban.html:367 — 硬编码字号 14px，应使用 var(--font-size-*)
kanban.html:373 — 硬编码字号 24px，应使用 var(--font-size-*)
kanban.html:392 — 硬编码字号 16px，应使用 var(--font-size-*)
kanban.html:405 — 硬编码字号 14px，应使用 var(--font-size-*)
kanban.html:407 — 硬编码字号 10px，应使用 var(--font-size-*)
kanban.html:436 — 硬编码字号 14px，应使用 var(--font-size-*)
kanban.html:446 — 硬编码字号 12px，应使用 var(--font-size-*)
kanban.html:455 — 硬编码字号 12px，应使用 var(--font-size-*)
kanban.html:456 — 硬编码字号 12px，应使用 var(--font-size-*)
kanban.html:457 — 硬编码字号 12px，应使用 var(--font-size-*)
kanban.html:461 — 硬编码字号 12px，应使用 var(--font-size-*)
kanban.html:495 — 硬编码字号 12px，应使用 var(--font-size-*)
kanban.html:500 — 硬编码字号 12px，应使用 var(--font-size-*)
kanban.html:883 — 硬编码字号 15px，应使用 var(--font-size-*)
req-kanban.html:605 — CSS 硬编码色值 #E0F5F2，应使用设计系统变量 var(--color-*)
req-kanban.html:605 — CSS 硬编码色值 #0FA79A，应使用设计系统变量 var(--color-*)
req-kanban.html:279 — 硬编码字号 14px，应使用 var(--font-size-*)
req-kanban.html:294 — 硬编码字号 14px，应使用 var(--font-size-*)
req-kanban.html:304 — 硬编码字号 12px，应使用 var(--font-size-*)
req-kanban.html:325 — 硬编码字号 14px，应使用 var(--font-size-*)
req-kanban.html:343 — 硬编码字号 14px，应使用 var(--font-size-*)
req-kanban.html:349 — 硬编码字号 24px，应使用 var(--font-size-*)
req-kanban.html:357 — 硬编码字号 16px，应使用 var(--font-size-*)
req-kanban.html:367 — 硬编码字号 14px，应使用 var(--font-size-*)
req-kanban.html:368 — 硬编码字号 13px，应使用 var(--font-size-*)
req-kanban.html:369 — 硬编码字号 10px，应使用 var(--font-size-*)
req-kanban.html:377 — 硬编码字号 14px，应使用 var(--font-size-*)
req-kanban.html:379 — 硬编码字号 12px，应使用 var(--font-size-*)
req-kanban.html:388 — 硬编码字号 12px，应使用 var(--font-size-*)
req-kanban.html:389 — 硬编码字号 12px，应使用 var(--font-size-*)
req-kanban.html:390 — 硬编码字号 12px，应使用 var(--font-size-*)
req-kanban.html:394 — 硬编码字号 12px，应使用 var(--font-size-*)
req-kanban.html:399 — 硬编码字号 12px，应使用 var(--font-size-*)
req-kanban.html:401 — 硬编码字号 12px，应使用 var(--font-size-*)
req-kanban.html:406 — 硬编码字号 12px，应使用 var(--font-size-*)
req-kanban.html:547 — 硬编码字号 24px，应使用 var(--font-size-*)
req-kanban.html:553 — 硬编码字号 16px，应使用 var(--font-size-*)
task-detail.html:326 — 硬编码字号 16px，应使用 var(--font-size-*)
task-detail.html:362 — 硬编码字号 18px，应使用 var(--font-size-*)
task-detail.html:1219 — 硬编码字号 11px，应使用 var(--font-size-*)
task-detail.html:1278 — 硬编码字号 14px，应使用 var(--font-size-*)
task-detail.html:1401 — 硬编码字号 14px，应使用 var(--font-size-*)
task-detail.html:1402 — 硬编码字号 12px，应使用 var(--font-size-*)
task-detail.html:1407 — 硬编码字号 14px，应使用 var(--font-size-*)
task-detail.html:1420 — 硬编码字号 14px，应使用 var(--font-size-*)
task-detail.html:1428 — 硬编码字号 12px，应使用 var(--font-size-*)
task-detail.html:1433 — 硬编码字号 14px，应使用 var(--font-size-*)
task-detail.html:1521 — 硬编码字号 16px，应使用 var(--font-size-*)
task-detail.html:1533 — 硬编码字号 14px，应使用 var(--font-size-*)
task-detail.html:1560 — 硬编码字号 14px，应使用 var(--font-size-*)
task-detail.html:1589 — 硬编码字号 14px，应使用 var(--font-size-*)
task-detail.html:1593 — 硬编码字号 14px，应使用 var(--font-size-*)
task-detail.html:1595 — 硬编码字号 14px，应使用 var(--font-size-*)
task-detail.html:1601 — 硬编码字号 14px，应使用 var(--font-size-*)
task-detail.html:1611 — 硬编码字号 14px，应使用 var(--font-size-*)
task-detail.html:1944 — 硬编码字号 15px，应使用 var(--font-size-*)
