### open
### wait skeleton
### open right panel
=== [1] SUMMARY · 预览层（文档） ===
"{\"phase\":\"sum1\",\"artsBefore\":2,\"previewBefore\":{\"present\":true,\"hidden\":true,\"name\":\"产物\",\"meta\":\"—\",\"icoHasSvg\":true,\"mdHidden\":false,\"xlsxHidden\":true,\"paneBox\":[898,798],\"prevBox\":[0,0],\"covers\":false,\"bg\":\"rgb(255, 255, 255)\",\"closeBtn\":true,\"openBtn\":true,\"sheetRows\":6,\"mdBars\":5},\"previewAfter\":{\"present\":true,\"hidden\":false,\"name\":\"右栏复刻方案.md\",\"meta\":\"Markdown · 12 KB · 只读预览\",\"icoHasSvg\":true,\"mdHidden\":false,\"xlsxHidden\":true,\"paneBox\":[898,798],\"prevBox\":[898,798],\"covers\":true,\"bg\":\"rgb(255, 255, 255)\",\"closeBtn\":true,\"openBtn\":true,\"sheetRows\":6,\"mdBars\":5}}"
--- 关闭按钮 ---
"{\"phase\":\"sumx\",\"artsBefore\":2,\"previewBefore\":{\"present\":true,\"hidden\":false,\"name\":\"右栏复刻方案.md\",\"meta\":\"Markdown · 12 KB · 只读预览\",\"icoHasSvg\":true,\"mdHidden\":false,\"xlsxHidden\":true,\"paneBox\":[898,798],\"prevBox\":[898,798],\"covers\":true,\"bg\":\"rgb(255, 255, 255)\",\"closeBtn\":true,\"openBtn\":true,\"sheetRows\":6,\"mdBars\":5},\"previewAfter\":{\"present\":true,\"hidden\":true,\"name\":\"右栏复刻方案.md\",\"meta\":\"Markdown · 12 KB · 只读预览\",\"icoHasSvg\":true,\"mdHidden\":false,\"xlsxHidden\":true,\"paneBox\":[898,798],\"prevBox\":[0,0],\"covers\":false,\"bg\":\"rgb(255, 255, 255)\",\"closeBtn\":true,\"openBtn\":true,\"sheetRows\":6,\"mdBars\":5}}"
--- 再开 + Esc 裁决（预览层关掉、侧栏不许关） ---
"{\"phase\":\"sumx\",\"artsBefore\":2,\"previewBefore\":{\"present\":true,\"hidden\":true,\"name\":\"右栏复刻方案.md\",\"meta\":\"Markdown · 12 KB · 只读预览\",\"icoHasSvg\":true,\"mdHidden\":false,\"xlsxHidden\":true,\"paneBox\":[898,798],\"prevBox\":[0,0],\"covers\":false,\"bg\":\"rgb(255, 255, 255)\",\"closeBtn\":true,\"openBtn\":true,\"sheetRows\":6,\"mdBars\":5},\"previewAfter\":{\"present\":true,\"hidden\":true,\"name\":\"右栏复刻方案.md\",\"meta\":\"Markdown · 12 KB · 只读预览\",\"icoHasSvg\":true,\"mdHidden\":false,\"xlsxHidden\":true,\"paneBox\":[898,798],\"prevBox\":[0,0],\"covers\":false,\"bg\":\"rgb(255, 255, 255)\",\"closeBtn\":true,\"openBtn\":true,\"sheetRows\":6,\"mdBars\":5}}"
"{\"paneOpen\":true,\"prevHidden\":true}"
=== [2] SUMMARY · 预览层（表格） ===
"{\"phase\":\"sum2\",\"artsBefore\":2,\"previewBefore\":{\"present\":true,\"hidden\":true,\"name\":\"右栏复刻方案.md\",\"meta\":\"Markdown · 12 KB · 只读预览\",\"icoHasSvg\":true,\"mdHidden\":false,\"xlsxHidden\":true,\"paneBox\":[898,798],\"prevBox\":[0,0],\"covers\":false,\"bg\":\"rgb(255, 255, 255)\",\"closeBtn\":true,\"openBtn\":true,\"sheetRows\":6,\"mdBars\":5},\"previewAfter\":{\"present\":true,\"hidden\":false,\"name\":\"sidepanel-metrics.xlsx\",\"meta\":\"表格 · 34 KB · 只读预览\",\"icoHasSvg\":true,\"mdHidden\":true,\"xlsxHidden\":false,\"paneBox\":[898,798],\"prevBox\":[898,798],\"covers\":true,\"bg\":\"rgb(255, 255, 255)\",\"closeBtn\":true,\"openBtn\":true,\"sheetRows\":6,\"mdBars\":5}}"
=== [3] TERMINAL · 多标签 ===
"{\"phase\":\"term\",\"term\":{\"tabsBar\":true,\"tabsBarH\":34,\"tabCount\":2,\"tabs\":[{\"id\":\"t1\",\"name\":\"zsh\",\"active\":true},{\"id\":\"t2\",\"name\":\"npm run dev\",\"active\":false}],\"paneCount\":2,\"visiblePanes\":[\"t1\"],\"paneDetail\":[{\"id\":\"t1\",\"hidden\":false,\"outs\":4,\"hasEcho\":true,\"hasCaret\":true},{\"id\":\"t2\",\"hidden\":true,\"outs\":3,\"hasEcho\":true,\"hasCaret\":true}],\"activeOuts\":4,\"activeName\":\"zsh\",\"addBtn\":true}}"
--- 切到 t2 ---
"{\"phase\":\"term2\",\"term\":{\"tabsBar\":true,\"tabsBarH\":34,\"tabCount\":2,\"tabs\":[{\"id\":\"t1\",\"name\":\"zsh\",\"active\":false},{\"id\":\"t2\",\"name\":\"npm run dev\",\"active\":true}],\"paneCount\":2,\"visiblePanes\":[\"t2\"],\"paneDetail\":[{\"id\":\"t1\",\"hidden\":true,\"outs\":4,\"hasEcho\":true,\"hasCaret\":true},{\"id\":\"t2\",\"hidden\":false,\"outs\":3,\"hasEcho\":true,\"hasCaret\":true}],\"activeOuts\":3,\"activeName\":\"npm run dev\",\"addBtn\":true},\"activeElement\":\"td-term\"}"
--- 新建标签 ---
"{\"phase\":\"term3\",\"term\":{\"tabsBar\":true,\"tabsBarH\":34,\"tabCount\":3,\"tabs\":[{\"id\":\"t1\",\"name\":\"zsh\",\"active\":false},{\"id\":\"t2\",\"name\":\"npm run dev\",\"active\":false},{\"id\":\"t3\",\"name\":\"终端 3\",\"active\":true}],\"paneCount\":3,\"visiblePanes\":[\"t3\"],\"paneDetail\":[{\"id\":\"t1\",\"hidden\":true,\"outs\":4,\"hasEcho\":true,\"hasCaret\":true},{\"id\":\"t2\",\"hidden\":true,\"outs\":3,\"hasEcho\":true,\"hasCaret\":true},{\"id\":\"t3\",\"hidden\":false,\"outs\":0,\"hasEcho\":true,\"hasCaret\":true}],\"activeOuts\":0,\"activeName\":\"终端 3\",\"addBtn\":true}}"
=== [4] BROWSER · 截图 ===
"{\"phase\":\"shot\",\"exists\":true,\"label\":\"截图到剪贴板\",\"title\":\"截图到剪贴板\",\"urlBox\":[898,40],\"pillBox\":[610,26],\"flashed\":true,\"animDur\":\"0.26s\",\"animName\":\"td-shot-flash\",\"toast\":\"已复制截图到剪贴板（视觉演示）\"}"
"{\"phase\":\"shot2\",\"flashedAfter400\":false}"
### done
