############ H 统一视图下的折叠（正确选择器） ############
--- H1 初始：第 1 个文件 is-open，统一行可见
"{\"open\":true,\"uni\":\"block\"}"
--- H2 折叠 → 统一行应 none
"{\"open\":false,\"uni\":\"none\",\"note\":\"none\"}"
--- H3 展开 → 统一行应 block
"{\"open\":true,\"uni\":\"block\"}"
--- H4 并排态 + 折叠 → 统一行/并排行/评论 三者都该隐藏
"{\"open\":false,\"uni\":\"none\",\"split\":\"none\",\"note\":\"none\"}"
--- H5 展开回来（并排）
"{\"uni\":\"none\",\"split\":\"block\"}"

############ I 动作反馈 toast（同一次 eval 内先点后读） ############
--- I1 「复制 diff」
"false | 已复制 diff 到剪贴板"
--- I2 「在文件树中定位」→ 自动切到「文件」标签 + toast
"false | 已在「文件」标签中定位该文件 | active=文件"
--- I3 回到审查 + 「暂存」
"已暂存 | true | false | 已暂存该文件（视觉演示）"
--- I4 「Open PR」
"false | 已创建 Pull Request（视觉演示）"

############ J 「折叠 N 行未改动」展开 ############
--- J1 初始：4 个折叠条，隐藏行 6 条
"{\"more\":2,\"rows\":6,\"rowsShown\":0,\"label\":\"⋯ 折叠 46 行未改动\"}"
--- J2 点第 1 个折叠条 → 文案翻 + 放出 4 行
"{\"rowsShown\":0,\"label\":\"⋯ 折叠 46 行未改动\"}"
--- J3 再点 → 收起
"{\"rowsShown\":0,\"label\":\"⋯ 折叠 46 行未改动\"}"

############ K 标签关闭 / 重开 + 最大化回归 ############
--- K1 关掉「审查」标签（还剩「文件」）
"{\"tabs\":[\"文件\"],\"active\":\"文件\",\"singleHidden\":\"none\"}"
mg-work/r107/ev/verify107c2.sh: line 86: +: command not found
--- K2 从  菜单重开「审查」
"{\"tabs\":[\"文件\",\"审查\"],\"active\":\"审查\"}"
--- K3 最大化 / 还原
"{\"before\":\"641px\"}"
"{\"max\":\"1040px\",\"pressed\":\"true\"}"
"{\"back\":\"641px\",\"pressed\":\"false\"}"
############ done ############
