✓ Done
✓ 会话 · 基础工作台
  file:///E:/GienCoder/giencoder-design-engineering/pages/conversation.html?v=1790768630
✓ Done
=== [⑪] t≈350ms ===
"{\"n\":1,\"box\":[269,93,1162,612],\"paneBox\":[269,93,1162,612],\"z\":\"9\",\"bg\":\"rgb(255, 255, 255)\",\"lines\":8,\"titles\":1,\"avs\":1,\"lineAnim\":\"giencoder-skeleton-loading 1.4s\",\"lineBg\":\"linear-gradient(90deg, rgb(242, 242, 242) 25%, rgb(229, 229,\",\"innerW\":860,\"wrapW\":860,\"composer\":true}"
✓ Done
=== [⑪] t≈2000ms（应已移除） ===
"{\"n\":0}"
=== [②④⑤⑥⑧⑨⑩] 静态读数 ===
"{\"cv\":[{\"slot\":[420,433,14,14],\"slotW\":\"14px\",\"svgW\":\"10px\",\"svgRect\":[422,435,10,10],\"ftX\":438},{\"slot\":[420,633,14,14],\"slotW\":\"14px\",\"svgW\":\"10px\",\"svgRect\":[422,635,10,10],\"ftX\":438},{\"slot\":[420,943,14,14],\"slotW\":\"14px\",\"svgW\":\"10px\",\"svgRect\":[422,945,10,10],\"ftX\":438}],\"t12l\":[{\"t\":\"skill-catalog\",\"fs\":\"13px\",\"color\":\"rgb(134, 134, 134)\",\"cls\":\"r93-t12l r93-fm r93-ell\"},{\"t\":\"让我理解用户的需求。这是关于 T\",\"fs\":\"14px\",\"color\":\"rgb(134, 134, 134)\",\"cls\":\"r93-t12l\"},{\"t\":\"Inspect harness \",\"fs\":\"13px\",\"color\":\"rgb(134, 134, 134)\",\"cls\":\"r93-t12l r93-fm r93-ell\"},{\"t\":\"左侧菜单 sidebar pag\",\"fs\":\"13px\",\"color\":\"rgb(134, 134, 134)\",\"cls\":\"r93-t12l r93-fm r93-ell\"},{\"t\":\"3/3 已回答\",\"fs\":\"13px\",\"color\":\"rgb(134, 134, 134)\",\"cls\":\"r93-t12l r93-fm r93-ell\"},{\"t\":\"0/5 已完成\",\"fs\":\"13px\",\"color\":\"rgb(134, 134, 134)\",\"cls\":\"r93-t12l r93-fm r93-ell\"},{\"t\":\"gienx-taskboard-\",\"fs\":\"13px\",\"color\":\"rgb(134, 134, 134)\",\"cls\":\"r93-t12l r93-fm r93-ell\"},{\"t\":\"deepwiki\",\"fs\":\"13px\",\"color\":\"rgb(134, 134, 134)\",\"cls\":\"r93-t12l r93-fm r93-ell\"},{\"t\":\"str_replace_edit\",\"fs\":\"13px\",\"color\":\"rgb(134, 134, 134)\",\"cls\":\"r93-t12l r93-fm r93-ell\"},{\"t\":\"2s\",\"fs\":\"13px\",\"color\":\"rgb(134, 134, 134)\",\"cls\":\"r93-t12l r93-fm r93-ell\"},{\"t\":\"str_replace_edit\",\"fs\":\"13px\",\"color\":\"rgb(134, 134, 134)\",\"cls\":\"r93-t12l r93-fm r93-ell\"},{\"t\":\"str_replace_edit\",\"fs\":\"13px\",\"color\":\"rgb(134, 134, 134)\",\"cls\":\"r93-t12l r93-fm r93-ell\"},{\"t\":\"deepwiki\",\"fs\":\"13px\",\"color\":\"rgb(134, 134, 134)\",\"cls\":\"r93-t12l\"},{\"t\":\"1/3 已回答\",\"fs\":\"13px\",\"color\":\"rgb(134, 134, 134)\",\"cls\":\"r93-t12l\"},{\"t\":\"gienx-taskboard-\",\"fs\":\"13px\",\"color\":\"rgb(134, 134, 134)\",\"cls\":\"r93-t12l r93-ell\"},{\"t\":\"0/5 已完成\",\"fs\":\"13px\",\"color\":\"rgb(134, 134, 134)\",\"cls\":\"r93-t12l\"},{\"t\":\"gienx harness cl\",\"fs\":\"13px\",\"color\":\"rgb(134, 134, 134)\",\"cls\":\"r93-t12l r93-fm r93-ell\"},{\"t\":\"workspace/remind\",\"fs\":\"13px\",\"color\":\"rgb(134, 134, 134)\",\"cls\":\"r93-t12l r93-fm r93-ell\"},{\"t\":\"任务产物\",\"fs\":\"15px\",\"color\":\"rgb(134, 134, 134)\",\"cls\":\"r93-artlabel r93-t12l\"}],\"fm\":[{\"t\":\"skill-catalog\",\"fs\":\"13px\",\"color\":\"rgb(134, 134, 134)\"},{\"t\":\"Inspect harness \",\"fs\":\"13px\",\"color\":\"rgb(134, 134, 134)\"},{\"t\":\"左侧菜单 sidebar pag\",\"fs\":\"13px\",\"color\":\"rgb(134, 134, 134)\"},{\"t\":\"3/3 已回答\",\"fs\":\"13px\",\"color\":\"rgb(134, 134, 134)\"},{\"t\":\"0/5 已完成\",\"fs\":\"13px\",\"color\":\"rgb(134, 134, 134)\"},{\"t\":\"gienx-taskboard-\",\"fs\":\"13px\",\"color\":\"rgb(134, 134, 134)\"},{\"t\":\"deepwiki\",\"fs\":\"13px\",\"color\":\"rgb(134, 134, 134)\"},{\"t\":\"str_replace_edit\",\"fs\":\"13px\",\"color\":\"rgb(134, 134, 134)\"},{\"t\":\"2s\",\"fs\":\"13px\",\"color\":\"rgb(134, 134, 134)\"},{\"t\":\"str_replace_edit\",\"fs\":\"13px\",\"color\":\"rgb(134, 134, 134)\"},{\"t\":\"str_replace_edit\",\"fs\":\"13px\",\"color\":\"rgb(134, 134, 134)\"},{\"t\":\"gienx harness cl\",\"fs\":\"13px\",\"color\":\"rgb(134, 134, 134)\"},{\"t\":\"workspace/remind\",\"fs\":\"13px\",\"color\":\"rgb(134, 134, 134)\"}],\"ib\":[{\"box\":[1226,287,24,24],\"bg\":\"rgba(0, 0, 0, 0)\",\"sh\":\"none\"},{\"box\":[1256,287,24,24],\"bg\":\"rgba(0, 0, 0, 0)\",\"sh\":\"none\"},{\"box\":[1243,982,24,24],\"bg\":\"rgba(0, 0, 0, 0)\",\"sh\":\"none\"}],\"okc\":[{\"box\":[669,3089,14,14],\"ctx\":\"上下文已压缩已压缩 24 条历史记录\"}],\"spin\":[{\"box\":[674,3008,20,20],\"anim\":\"r93-spin\",\"dur\":\"1.2s\",\"state\":\"running\",\"cls\":\"r93-iblk r93-i14 r93-c3 r93-spin\"}],\"sb\":{\"box\":[420,593,860,40],\"sh\":\"rgba(0, 0, 0, 0.07) 0px 2px 9px 0px\",\"bd\":\"rgb(229, 229, 229)\"},\"fade\":{\"tbsBox\":[279,549,1142,0],\"content\":\"\\\"\\\"\",\"pos\":\"absolute\",\"h\":\"40px\",\"bottom\":\"-44px\",\"z\":\"-1\",\"bg\":\"linear-gradient(rgba(0, 0, 0, 0), rgb(255, 255, 255))\",\"left\":\"0px\",\"right\":\"0px\",\"pillOn\":true,\"scroll\":[[269,93,1162,500],0,4302,500]},\"art\":[{\"box\":[420,4067,424,56],\"name\":\"prd-template.html\"},{\"box\":[856,4067,424,56],\"name\":\"spec-template.md\"},{\"box\":[420,4135,424,56],\"name\":\"user-story-breakdown-template.md\"},{\"box\":[856,4135,424,56],\"name\":\"user-story-template.md\"},{\"box\":[420,4203,424,56],\"name\":null}],\"sk\":{\"count\":0},\"pane\":{\"pos\":\"relative\",\"box\":[269,93,1162,612]}}"
=== [⑤] okc 定位 ===
"{\"ok\":1,\"okcInBash\":0,\"copyInBash\":1,\"headText\":\"launch-rootls -la \\\"/Applications/DSH Des\"}"
=== 打标 ===
"{\"fh\":true,\"fhText\":\"深度思考\",\"fhMeta\":null,\"ib\":true,\"art\":true,\"artName\":\"prd-template.html\",\"sb\":true,\"zip\":true}"
✓ Done
✓ Done
✓ Done
=== [①] hover 展开头 ===
"{\"fh\":{\"hov\":true,\"bg\":\"rgba(0, 0, 0, 0)\",\"color\":\"rgb(31, 31, 31)\",\"ico\":\"rgb(31, 31, 31)\",\"ft\":\"rgb(31, 31, 31)\",\"fm\":null},\"ib\":{\"hov\":false,\"bg\":\"rgba(0, 0, 0, 0)\",\"sh\":\"none\",\"color\":\"rgb(78, 78, 78)\"}}"
✓ Done
✓ Done
=== [③] hover 图标按钮 ===
"{\"fh\":{\"hov\":false,\"bg\":\"rgba(0, 0, 0, 0)\",\"color\":\"rgb(31, 31, 31)\",\"ico\":\"rgb(31, 31, 31)\",\"ft\":\"rgb(31, 31, 31)\",\"fm\":null},\"ib\":{\"hov\":true,\"bg\":\"rgb(242, 242, 242)\",\"sh\":\"none\",\"color\":\"rgb(78, 78, 78)\"}}"
=== [④] 折叠前后 dx ===
"{\"foldText\":\"深度思考\",\"before\":{\"open\":\"1\",\"ftBox\":[438,629,60,22],\"ftX\":438,\"slotBox\":[420,633,14,14],\"slotW\":\"14px\",\"svgW\":\"10px\",\"svgBox\":[422,635,10,10]},\"after\":{\"open\":\"0\",\"fhDisplay\":\"none\",\"fcDisplay\":\"flex\",\"fxBox\":[420,629,78,22],\"labelBox\":[438,629,60,22],\"labelX\":438,\"icoBox\":[420,633,14,14],\"icoW\":\"14px\"},\"dx\":0}"
✓ Done
✓ Done
=== [①] hover 折叠头 ===
"{\"fh\":{\"hov\":false,\"bg\":\"rgba(0, 0, 0, 0)\",\"color\":\"rgb(31, 31, 31)\",\"ico\":\"rgb(31, 31, 31)\",\"ft\":\"rgb(31, 31, 31)\",\"fm\":null},\"fc\":{\"hov\":true,\"bg\":\"rgba(0, 0, 0, 0)\",\"color\":\"rgb(31, 31, 31)\",\"ico\":\"rgb(31, 31, 31)\",\"t14\":\"rgb(31, 31, 31)\",\"fm\":null},\"ib\":{\"hov\":false,\"bg\":\"rgba(0, 0, 0, 0)\",\"sh\":\"none\",\"color\":\"rgb(78, 78, 78)\"}}"
✓ Done
=== [⑦] 右键菜单 ===
"{\"cardBox\":[420,315,424,56],\"cursor\":[480,339],\"menuBox\":[480,343,175,218],\"menuOpen\":true,\"labels\":[\"打开\",\"打开所在文件夹\",\"添加到对话\",\"添加到 GienCoder\",\"复制路径\",\"打开方式\"],\"arrows\":[false,false,false,false,false,true],\"rowPad\":\"5px 8px\",\"rowFs\":\"14px\",\"icoW\":\"14px\",\"divider\":1,\"sub\":{\"box\":[652,527,175,207],\"open\":true,\"labels\":[\"VS Code\",\"Trae\",\"Google Chrome\",\"Microsoft Edge\",\"Notes\",\"文件资源管理器\"],\"icoW\":\"14px\"}}"
"ok"
=== done ===
