##################################################
# 第 31 轮：转派成员浮窗
##################################################
--- 1a. 基线与触发按钮契约 ---
--- 1b. 点击「转派」→ 浮窗打开（class / 标记 / aria / 位置） ---
md5 11-dp-open = c1c10f1cc4ade05765c1580d3d008c51
--- 1c. 内部结构契约（DS 类名 / role / 尺寸档 / 数量） ---
--- 1d. 几何真值（面板内相对坐标；设计稿：标题文字盒(16,16)h22/副标题(16,42)h16/搜索288x32@(16,70)/列表@(16,118)h297/行32/头像20/按钮288x32@(16,432)） ---
--- 1e. 配色 / 字号 / 圆角 / 投影真值 ---
--- 1f. 默认选中（邵禹铭）+ 唯一对勾 ---
--- 1g. 真实 hover 第 4 行（顾帆）→ 底 #F7F7F7 ---
--- 1h. 点击「秦怡」行 → 选中转移 + 对勾跟随 ---
--- 1i. 搜索过滤：韩 / P00986 / zzz(空态) ---
--- 1j. 点「确定转派」→ 关闭 + 执行人写回 + DS Message ---
--- 1k. 重开 → 点浮窗外 → 关闭 ---
--- 1l. 重开 → Esc 只关浮窗（不跳看板） ---
--- 1l2. 焦点在搜索框内按 Esc 也能关（不被页尾 INPUT 判定吞掉） ---
--- 1m. 浮窗内按下拖动：不得触发两栏互换 ---
--- 1n. 滚动条：list 溢出才出（内容 236 < 视口 297），样式已定义 6px ---
##################################################
# 回归（第 28/29/30 轮）
##################################################
--- R1. 两栏布局 1440 真值 ---
--- R2. 第 30 轮：描述区配图蒙层预览仍可用 ---
--- R3. 第 30 轮：拖动顶栏互换两栏 ---
--- R4. 第 29 轮：全屏内容宽 860 ---
--- R5. 第 30 轮：aside 字号 13px ---
--- R6. 第二次 Esc → 返回看板 ---

================ probe31.jsonl ================
29 mg-work/r31/probe31.jsonl
================ shots ================
total 1168
drwxr-xr-x 1 Administrator 197121      0 Sep 27 12:53 .
drwxr-xr-x 1 Administrator 197121      0 Sep 27 13:13 ..
-rw-r--r-- 1 Administrator 197121 199998 Sep 27 14:05 10-dp-btn.png
-rw-r--r-- 1 Administrator 197121 197179 Sep 27 14:05 11-dp-open.png
-rw-r--r-- 1 Administrator 197121 197109 Sep 27 14:05 12-dp-hover.png
-rw-r--r-- 1 Administrator 197121 196966 Sep 27 14:05 13-dp-selected.png
-rw-r--r-- 1 Administrator 197121 180494 Sep 27 14:05 14-dp-empty.png
-rw-r--r-- 1 Administrator 197121 199622 Sep 27 14:06 15-dp-msg.png
