########## 稿1（1409:18319 · 初始态 356×48）##########
================================================================================================
稿1 空态
  地标（卡内逻辑 px）              设计稿                         真机                          差值(真机−设计)                
  卡片（#E5E5E5 描边外框）         (0.0, 0.0, 320.0, 48.0)     (0.0, 0.0, 320.0, 48.0)     (0.0, 0.0, 0.0, 0.0)     OK
  「添加」禁用钮（#DAE4FE）         (262.0, 10.0, 310.0, 38.0)  (260.0, 10.0, 308.0, 38.0)  (-2.0, 0.0, -2.0, 0.0)   ★ 超 1px
  占位墨迹（#A9A9A9）            (12.5, 17.0, 95.0, 30.0)    (13.0, 17.0, 95.0, 30.0)    (0.5, 0.0, 0.0, 0.0)     OK
  取样：设计「添加」底 (218, 228, 254) / 真机 (218, 228, 254) ；设计占位墨 (180, 180, 180) / 真机 (195, 195, 195)

########## 稿2（1204:18467 · 输入态 356×108）##########
================================================================================================
稿2 输入态
  地标（卡内逻辑 px）              设计稿                         真机                          差值(真机−设计)                
  卡片（#E5E5E5 描边外框）         (0.0, 0.0, 320.0, 12.0)     (0.0, 0.0, 320.0, 12.0)     (0.0, 0.0, 0.0, 0.0)     OK
  正文第 1 行墨迹（#1F1F1F）       (13.0, 16.0, 305.0, 29.5)   (14.0, 17.0, 305.0, 29.0)   (1.0, 1.0, 0.0, -0.5)    OK
  正文第 2 行墨迹（#1F1F1F）       (13.5, 38.0, 171.5, 51.0)   (13.0, 39.0, 169.0, 51.0)   (-0.5, 1.0, -2.5, 0.0)   ★ 超 1px
  底行提示墨迹（#A9A9A9）          (13.0, 77.0, 158.0, 88.5)   (13.0, 77.0, 153.0, 88.0)   (0.0, 0.0, -5.0, -0.5)   ★ 超 1px
  「取消」次钮（#E5E5E5 描边）       (204.0, 68.0, 252.0, 96.0)  (204.0, 68.0, 252.0, 96.0)  (0.0, 0.0, 0.0, 0.0)     OK
  「添加」主钮（#3770F7）          (260.0, 68.0, 308.0, 96.0)  (260.0, 68.0, 308.0, 96.0)  (0.0, 0.0, 0.0, 0.0)     OK
  取样：设计「添加」底 (55, 112, 247) / 真机 (55, 112, 247) ；设计正文 (176, 176, 176) / 真机 (244, 244, 244) ；设计提示 (169, 169, 169) / 真机 (225, 225, 225)

########## 稿2 的 Ctrl 态（设计稿没有这一帧，看「只改该改的」）##########
  主钮文案区（#FFFFFF 字） (258.0, 60.0, 319.0, 104.0)
  主钮尺寸            (260.0, 68.0, 308.0, 96.0)
  提示前半句墨迹        (13.0, 77.0, 68.0, 88.0)（应与稿2 一致）
  提示后半句墨迹        (104.0, 78.0, 151.0, 87.0)（应落在 #3770F7）
