# gaps.log — 设计系统 Token 缺口记录
# 以下硬编码值未找到对应的设计系统 token，需手动补充

avatar.html:637 — 硬编码字号 11px，应使用 var(--font-size-*)
avatar.html:689 — 硬编码字号 14px，应使用 var(--font-size-*)
dev.html:279 — 硬编码字号 14px，应使用 var(--font-size-*)
dev.html:285 — 硬编码字号 14px，应使用 var(--font-size-*)
dev.html:289 — 硬编码字号 14px，应使用 var(--font-size-*)
kanban.html:350 — 硬编码字号 14px，应使用 var(--font-size-*)
kanban.html:365 — 硬编码字号 14px，应使用 var(--font-size-*)
kanban.html:375 — 硬编码字号 12px，应使用 var(--font-size-*)
kanban.html:404 — 硬编码字号 14px，应使用 var(--font-size-*)
kanban.html:426 — 硬编码字号 14px，应使用 var(--font-size-*)
kanban.html:432 — 硬编码字号 24px，应使用 var(--font-size-*)
kanban.html:451 — 硬编码字号 16px，应使用 var(--font-size-*)
kanban.html:464 — 硬编码字号 14px，应使用 var(--font-size-*)
kanban.html:466 — 硬编码字号 10px，应使用 var(--font-size-*)
kanban.html:495 — 硬编码字号 14px，应使用 var(--font-size-*)
kanban.html:505 — 硬编码字号 12px，应使用 var(--font-size-*)
kanban.html:514 — 硬编码字号 12px，应使用 var(--font-size-*)
kanban.html:515 — 硬编码字号 12px，应使用 var(--font-size-*)
kanban.html:516 — 硬编码字号 12px，应使用 var(--font-size-*)
kanban.html:520 — 硬编码字号 12px，应使用 var(--font-size-*)
kanban.html:554 — 硬编码字号 12px，应使用 var(--font-size-*)
kanban.html:559 — 硬编码字号 12px，应使用 var(--font-size-*)
kanban.html:942 — 硬编码字号 15px，应使用 var(--font-size-*)
req-kanban.html:664 — CSS 硬编码色值 #E0F5F2，应使用设计系统变量 var(--color-*)
req-kanban.html:664 — CSS 硬编码色值 #0FA79A，应使用设计系统变量 var(--color-*)
req-kanban.html:338 — 硬编码字号 14px，应使用 var(--font-size-*)
req-kanban.html:353 — 硬编码字号 14px，应使用 var(--font-size-*)
req-kanban.html:363 — 硬编码字号 12px，应使用 var(--font-size-*)
req-kanban.html:384 — 硬编码字号 14px，应使用 var(--font-size-*)
req-kanban.html:402 — 硬编码字号 14px，应使用 var(--font-size-*)
req-kanban.html:408 — 硬编码字号 24px，应使用 var(--font-size-*)
req-kanban.html:416 — 硬编码字号 16px，应使用 var(--font-size-*)
req-kanban.html:426 — 硬编码字号 14px，应使用 var(--font-size-*)
req-kanban.html:427 — 硬编码字号 13px，应使用 var(--font-size-*)
req-kanban.html:428 — 硬编码字号 10px，应使用 var(--font-size-*)
req-kanban.html:436 — 硬编码字号 14px，应使用 var(--font-size-*)
req-kanban.html:438 — 硬编码字号 12px，应使用 var(--font-size-*)
req-kanban.html:447 — 硬编码字号 12px，应使用 var(--font-size-*)
req-kanban.html:448 — 硬编码字号 12px，应使用 var(--font-size-*)
req-kanban.html:449 — 硬编码字号 12px，应使用 var(--font-size-*)
req-kanban.html:453 — 硬编码字号 12px，应使用 var(--font-size-*)
req-kanban.html:458 — 硬编码字号 12px，应使用 var(--font-size-*)
req-kanban.html:460 — 硬编码字号 12px，应使用 var(--font-size-*)
req-kanban.html:465 — 硬编码字号 12px，应使用 var(--font-size-*)
req-kanban.html:606 — 硬编码字号 24px，应使用 var(--font-size-*)
req-kanban.html:612 — 硬编码字号 16px，应使用 var(--font-size-*)
task-detail.html:392 — 硬编码字号 16px，应使用 var(--font-size-*)
task-detail.html:428 — 硬编码字号 18px，应使用 var(--font-size-*)
task-detail.html:1286 — 硬编码字号 11px，应使用 var(--font-size-*)
task-detail.html:1345 — 硬编码字号 14px，应使用 var(--font-size-*)
task-detail.html:1468 — 硬编码字号 14px，应使用 var(--font-size-*)
task-detail.html:1469 — 硬编码字号 12px，应使用 var(--font-size-*)
task-detail.html:1474 — 硬编码字号 14px，应使用 var(--font-size-*)
task-detail.html:1487 — 硬编码字号 14px，应使用 var(--font-size-*)
task-detail.html:1495 — 硬编码字号 12px，应使用 var(--font-size-*)
task-detail.html:1500 — 硬编码字号 14px，应使用 var(--font-size-*)
task-detail.html:1588 — 硬编码字号 16px，应使用 var(--font-size-*)
task-detail.html:1600 — 硬编码字号 14px，应使用 var(--font-size-*)
task-detail.html:1627 — 硬编码字号 14px，应使用 var(--font-size-*)
task-detail.html:1656 — 硬编码字号 14px，应使用 var(--font-size-*)
task-detail.html:1660 — 硬编码字号 14px，应使用 var(--font-size-*)
task-detail.html:1662 — 硬编码字号 14px，应使用 var(--font-size-*)
task-detail.html:1668 — 硬编码字号 14px，应使用 var(--font-size-*)
task-detail.html:1678 — 硬编码字号 14px，应使用 var(--font-size-*)
task-detail.html:2011 — 硬编码字号 15px，应使用 var(--font-size-*)
