# gaps.log — 设计系统 Token 缺口记录
# 以下硬编码值未找到对应的设计系统 token，需手动补充

dev.html:220 — 硬编码字号 14px，应使用 var(--font-size-*)
dev.html:226 — 硬编码字号 14px，应使用 var(--font-size-*)
dev.html:230 — 硬编码字号 14px，应使用 var(--font-size-*)
kanban.html:259 — 硬编码字号 14px，应使用 var(--font-size-*)
kanban.html:268 — 硬编码字号 14px，应使用 var(--font-size-*)
kanban.html:278 — 硬编码字号 12px，应使用 var(--font-size-*)
kanban.html:299 — 硬编码字号 14px，应使用 var(--font-size-*)
kanban.html:318 — 硬编码字号 14px，应使用 var(--font-size-*)
kanban.html:324 — 硬编码字号 24px，应使用 var(--font-size-*)
kanban.html:332 — 硬编码字号 16px，应使用 var(--font-size-*)
kanban.html:342 — 硬编码字号 14px，应使用 var(--font-size-*)
kanban.html:343 — 硬编码字号 13px，应使用 var(--font-size-*)
kanban.html:344 — 硬编码字号 10px，应使用 var(--font-size-*)
kanban.html:352 — 硬编码字号 14px，应使用 var(--font-size-*)
kanban.html:354 — 硬编码字号 12px，应使用 var(--font-size-*)
kanban.html:363 — 硬编码字号 12px，应使用 var(--font-size-*)
kanban.html:364 — 硬编码字号 12px，应使用 var(--font-size-*)
kanban.html:365 — 硬编码字号 12px，应使用 var(--font-size-*)
kanban.html:369 — 硬编码字号 12px，应使用 var(--font-size-*)
kanban.html:374 — 硬编码字号 12px，应使用 var(--font-size-*)
kanban.html:376 — 硬编码字号 12px，应使用 var(--font-size-*)
kanban.html:382 — 硬编码字号 12px，应使用 var(--font-size-*)
kanban.html:460 — 硬编码字号 13px，应使用 var(--font-size-*)
kanban.html:460 — 硬编码字号 13px，应使用 var(--font-size-*)
kanban.html:460 — 硬编码字号 13px，应使用 var(--font-size-*)
kanban.html:460 — 硬编码字号 13px，应使用 var(--font-size-*)
kanban.html:460 — 硬编码字号 13px，应使用 var(--font-size-*)
req-kanban.html:259 — 硬编码字号 14px，应使用 var(--font-size-*)
req-kanban.html:268 — 硬编码字号 14px，应使用 var(--font-size-*)
req-kanban.html:278 — 硬编码字号 12px，应使用 var(--font-size-*)
req-kanban.html:299 — 硬编码字号 14px，应使用 var(--font-size-*)
req-kanban.html:318 — 硬编码字号 14px，应使用 var(--font-size-*)
req-kanban.html:324 — 硬编码字号 24px，应使用 var(--font-size-*)
req-kanban.html:332 — 硬编码字号 16px，应使用 var(--font-size-*)
req-kanban.html:342 — 硬编码字号 14px，应使用 var(--font-size-*)
req-kanban.html:343 — 硬编码字号 13px，应使用 var(--font-size-*)
req-kanban.html:344 — 硬编码字号 10px，应使用 var(--font-size-*)
req-kanban.html:352 — 硬编码字号 14px，应使用 var(--font-size-*)
req-kanban.html:354 — 硬编码字号 12px，应使用 var(--font-size-*)
req-kanban.html:363 — 硬编码字号 12px，应使用 var(--font-size-*)
req-kanban.html:364 — 硬编码字号 12px，应使用 var(--font-size-*)
req-kanban.html:365 — 硬编码字号 12px，应使用 var(--font-size-*)
req-kanban.html:369 — 硬编码字号 12px，应使用 var(--font-size-*)
req-kanban.html:374 — 硬编码字号 12px，应使用 var(--font-size-*)
req-kanban.html:376 — 硬编码字号 12px，应使用 var(--font-size-*)
req-kanban.html:382 — 硬编码字号 12px，应使用 var(--font-size-*)
req-kanban.html:475 — 硬编码字号 24px，应使用 var(--font-size-*)
req-kanban.html:481 — 硬编码字号 16px，应使用 var(--font-size-*)
req-kanban.html:547 — 硬编码字号 13px，应使用 var(--font-size-*)
req-kanban.html:547 — 硬编码字号 13px，应使用 var(--font-size-*)
req-kanban.html:547 — 硬编码字号 13px，应使用 var(--font-size-*)
req-kanban.html:547 — 硬编码字号 13px，应使用 var(--font-size-*)
req-kanban.html:547 — 硬编码字号 13px，应使用 var(--font-size-*)
req-kanban.html:547 — 硬编码字号 13px，应使用 var(--font-size-*)
req-kanban.html:547 — 硬编码字号 13px，应使用 var(--font-size-*)
req-kanban.html:547 — 硬编码字号 13px，应使用 var(--font-size-*)
req-kanban.html:547 — 硬编码字号 13px，应使用 var(--font-size-*)
