##################################################
# 第 1 项：描述区配图 → 蒙层预览大图
##################################################
--- 1a. 基线与组件契约结构 ---
md5 10-desc-img  = d11ce171ea163a9f976b90ccf62694e0
--- 1b. 真实 hover 缩略图 → 悬停蒙层「预览」显形 ---
wrapper center = 338,362
md5 11-desc-img-hover = dcce1114255e63e61adf541483248fe2
--- 1c. 点击缩略图 → 打开预览蒙层 ---
md5 12-preview-open = cf96e1b8ea640b9d05b5548d49745d63
--- 1d. 工具栏缩放：点放大一次 → scale 1.25 ---
zoom-in center = 58,876
--- 1e. 点右上关闭按钮 → 关闭（等 0.6s 后 display none） ---
close center = 1416,24
--- 1f. 再打开 → 点图片外空白处关闭 ---
--- 1g. 再打开 → Esc 关预览（且不跳回看板） ---
--- 1h. 回归：预览已关，再按 Esc → 才回看板 ---

##################################################
# 第 2 项：两栏拖动互换手感
##################################################
--- 2a. 基线：类名 / 过渡属性 / 栏位 ---
--- 2b. 跟手（限幅位移）+ 未达阈值回弹 ---
--- 2c. 越阈值 → 跟手限幅 + armed 描边 ---
--- 2d. 纯点击（位移 <6px）不换位、不进拖动态 ---
--- 2e. 点栏内按钮不触发拖动 ---
--- 2f. 甩动（位移不足、速度够）也能换位 ---
--- 2g. 全屏态下禁止拖动（互斥） ---
--- 2h. 回归：全屏后内容区仍 860 居中（第 29 轮） ---

##################################################
# 第 3 项：aside 内容文字 13px
##################################################

##################################################
# 回归：第 28 轮基线几何
##################################################

================ probe30.jsonl ================
26 mg-work/r30/probe30.jsonl
total 1892
drwxr-xr-x 1 Administrator 197121      0 Sep 27 12:10 .
drwxr-xr-x 1 Administrator 197121      0 Sep 27 12:15 ..
-rw-r--r-- 1 Administrator 197121 200054 Sep 27 12:15 10-desc-img.png
-rw-r--r-- 1 Administrator 197121 198734 Sep 27 12:15 11-desc-img-hover.png
-rw-r--r-- 1 Administrator 197121 101496 Sep 27 12:15 12-preview-open.png
-rw-r--r-- 1 Administrator 197121 200062 Sep 27 12:16 14-after-close.png
-rw-r--r-- 1 Administrator 197121 200054 Sep 27 12:17 20-drag-rebound.png
-rw-r--r-- 1 Administrator 197121 207555 Sep 27 12:17 21-drag-armed.png
-rw-r--r-- 1 Administrator 197121 203260 Sep 27 12:17 21-swap-mid-flight.png
-rw-r--r-- 1 Administrator 197121 203260 Sep 27 12:17 22-swap-done.png
-rw-r--r-- 1 Administrator 197121 200054 Sep 27 12:17 30-side-13px.png
-rw-r--r-- 1 Administrator 197121 203260 Sep 27 12:10 _prev-21.png
