===== base =====
===== avatar =====
===== automation =====
===== skills =====
===== settings =====
=== 截图产物 ===
mg-work/r109/raw/theme/dark:
total 628
drwxr-xr-x 1 Administrator 197121      0 Oct  2 11:15 .
drwxr-xr-x 1 Administrator 197121      0 Oct  2 11:14 ..
-rw-r--r-- 1 Administrator 197121  89242 Oct  2 11:15 automation.png
-rw-r--r-- 1 Administrator 197121 223269 Oct  2 11:14 avatar.png
-rw-r--r-- 1 Administrator 197121 109583 Oct  2 11:14 base.png
-rw-r--r-- 1 Administrator 197121 118244 Oct  2 11:15 settings.png
-rw-r--r-- 1 Administrator 197121  96910 Oct  2 11:15 skills.png

mg-work/r109/raw/theme/light:
total 620
drwxr-xr-x 1 Administrator 197121      0 Oct  2 11:15 .
drwxr-xr-x 1 Administrator 197121      0 Oct  2 11:14 ..
-rw-r--r-- 1 Administrator 197121  88800 Oct  2 11:14 automation.png
-rw-r--r-- 1 Administrator 197121 215004 Oct  2 11:14 avatar.png
-rw-r--r-- 1 Administrator 197121 107786 Oct  2 11:14 base.png
-rw-r--r-- 1 Administrator 197121 116888 Oct  2 11:15 settings.png
-rw-r--r-- 1 Administrator 197121  96512 Oct  2 11:15 skills.png
