===== base =====
===== avatar =====
===== automation =====
===== skills =====
===== settings =====
=== 截图产物 ===
mg-work/r109/raw/theme/dark:
total 572
drwxr-xr-x 1 Administrator 197121      0 Oct  2 11:15 .
drwxr-xr-x 1 Administrator 197121      0 Oct  2 11:18 ..
-rw-r--r-- 1 Administrator 197121  74882 Oct  2 11:23 automation.png
-rw-r--r-- 1 Administrator 197121 217084 Oct  2 11:22 avatar.png
-rw-r--r-- 1 Administrator 197121  95444 Oct  2 11:22 base.png
-rw-r--r-- 1 Administrator 197121 103901 Oct  2 11:23 settings.png
-rw-r--r-- 1 Administrator 197121  83346 Oct  2 11:23 skills.png

mg-work/r109/raw/theme/light:
total 620
drwxr-xr-x 1 Administrator 197121      0 Oct  2 11:15 .
drwxr-xr-x 1 Administrator 197121      0 Oct  2 11:18 ..
-rw-r--r-- 1 Administrator 197121  88745 Oct  2 11:23 automation.png
-rw-r--r-- 1 Administrator 197121 214986 Oct  2 11:22 avatar.png
-rw-r--r-- 1 Administrator 197121 107798 Oct  2 11:22 base.png
-rw-r--r-- 1 Administrator 197121 116888 Oct  2 11:23 settings.png
-rw-r--r-- 1 Administrator 197121  96516 Oct  2 11:23 skills.png
