===== base =====
===== avatar =====
===== automation =====
===== skills =====
===== settings =====
=== 截图产物 ===
mg-work/r109/raw/theme/dark:
total 576
drwxr-xr-x 1 Administrator 197121      0 Oct  2 11:15 .
drwxr-xr-x 1 Administrator 197121      0 Oct  2 11:18 ..
-rw-r--r-- 1 Administrator 197121  74842 Oct  2 11:26 automation.png
-rw-r--r-- 1 Administrator 197121 217129 Oct  2 11:25 avatar.png
-rw-r--r-- 1 Administrator 197121  95419 Oct  2 11:25 base.png
-rw-r--r-- 1 Administrator 197121 104035 Oct  2 11:26 settings.png
-rw-r--r-- 1 Administrator 197121  83333 Oct  2 11:26 skills.png

mg-work/r109/raw/theme/light:
total 620
drwxr-xr-x 1 Administrator 197121      0 Oct  2 11:15 .
drwxr-xr-x 1 Administrator 197121      0 Oct  2 11:18 ..
-rw-r--r-- 1 Administrator 197121  88745 Oct  2 11:26 automation.png
-rw-r--r-- 1 Administrator 197121 214986 Oct  2 11:25 avatar.png
-rw-r--r-- 1 Administrator 197121 107804 Oct  2 11:25 base.png
-rw-r--r-- 1 Administrator 197121 116888 Oct  2 11:26 settings.png
-rw-r--r-- 1 Administrator 197121  96473 Oct  2 11:26 skills.png
