===== base =====
===== avatar =====
===== automation =====
===== skills =====
===== settings =====
=== 截图产物 ===
mg-work/r109/raw/theme/dark:
total 572
drwxr-xr-x 1 Administrator 197121      0 Oct  2 11:15 .
drwxr-xr-x 1 Administrator 197121      0 Oct  2 11:18 ..
-rw-r--r-- 1 Administrator 197121  74438 Oct  2 11:30 automation.png
-rw-r--r-- 1 Administrator 197121 216646 Oct  2 11:30 avatar.png
-rw-r--r-- 1 Administrator 197121  95619 Oct  2 11:29 base.png
-rw-r--r-- 1 Administrator 197121 104035 Oct  2 11:30 settings.png
-rw-r--r-- 1 Administrator 197121  82894 Oct  2 11:30 skills.png

mg-work/r109/raw/theme/light:
total 620
drwxr-xr-x 1 Administrator 197121      0 Oct  2 11:15 .
drwxr-xr-x 1 Administrator 197121      0 Oct  2 11:18 ..
-rw-r--r-- 1 Administrator 197121  88800 Oct  2 11:30 automation.png
-rw-r--r-- 1 Administrator 197121 215012 Oct  2 11:29 avatar.png
-rw-r--r-- 1 Administrator 197121 107675 Oct  2 11:29 base.png
-rw-r--r-- 1 Administrator 197121 116888 Oct  2 11:30 settings.png
-rw-r--r-- 1 Administrator 197121  96473 Oct  2 11:30 skills.png
