===== base =====
===== avatar =====
===== automation =====
===== skills =====
===== settings =====
=== 截图产物 ===
mg-work/r109/raw/theme/dark:
total 572
drwxr-xr-x 1 Administrator 197121      0 Oct  2 11:15 .
drwxr-xr-x 1 Administrator 197121      0 Oct  2 11:18 ..
-rw-r--r-- 1 Administrator 197121  74454 Oct  2 11:37 automation.png
-rw-r--r-- 1 Administrator 197121 216627 Oct  2 11:37 avatar.png
-rw-r--r-- 1 Administrator 197121  95564 Oct  2 11:37 base.png
-rw-r--r-- 1 Administrator 197121 104035 Oct  2 11:38 settings.png
-rw-r--r-- 1 Administrator 197121  82976 Oct  2 11:37 skills.png

mg-work/r109/raw/theme/light:
total 620
drwxr-xr-x 1 Administrator 197121      0 Oct  2 11:15 .
drwxr-xr-x 1 Administrator 197121      0 Oct  2 11:18 ..
-rw-r--r-- 1 Administrator 197121  88791 Oct  2 11:37 automation.png
-rw-r--r-- 1 Administrator 197121 214919 Oct  2 11:37 avatar.png
-rw-r--r-- 1 Administrator 197121 107734 Oct  2 11:37 base.png
-rw-r--r-- 1 Administrator 197121 116888 Oct  2 11:38 settings.png
-rw-r--r-- 1 Administrator 197121  96519 Oct  2 11:37 skills.png
