===== base =====
===== avatar =====
===== automation =====
===== skills =====
===== settings =====
=== 截图产物 ===
mg-work/r109/raw/theme/dark:
total 684
drwxr-xr-x 1 Administrator 197121      0 Oct  2 11:44 .
drwxr-xr-x 1 Administrator 197121      0 Oct  2 11:40 ..
-rw-r--r-- 1 Administrator 197121  74414 Oct  2 11:58 automation.png
-rw-r--r-- 1 Administrator 197121 216656 Oct  2 11:57 avatar.png
-rw-r--r-- 1 Administrator 197121  95619 Oct  2 11:57 base.png
-rw-r--r-- 1 Administrator 197121 105455 Oct  2 11:46 settings-appearance.png
-rw-r--r-- 1 Administrator 197121 104035 Oct  2 11:58 settings.png
-rw-r--r-- 1 Administrator 197121  82943 Oct  2 11:58 skills.png

mg-work/r109/raw/theme/light:
total 624
drwxr-xr-x 1 Administrator 197121      0 Oct  2 11:15 .
drwxr-xr-x 1 Administrator 197121      0 Oct  2 11:40 ..
-rw-r--r-- 1 Administrator 197121  88791 Oct  2 11:58 automation.png
-rw-r--r-- 1 Administrator 197121 214986 Oct  2 11:57 avatar.png
-rw-r--r-- 1 Administrator 197121 107790 Oct  2 11:57 base.png
-rw-r--r-- 1 Administrator 197121 116888 Oct  2 11:58 settings.png
-rw-r--r-- 1 Administrator 197121  96511 Oct  2 11:58 skills.png
