--- ① 批注原点对齐 + 编辑态「保存」（part109/panel.js）---
   跳过  ①-1 新增 noteAt（原点）（已应用）
   跳过  ①-2 noteCtrl 文案收口（编辑态 ⇒ 保存）（已应用）
   跳过  ①-3 点选监听记下点击点（已应用）
   跳过  ①-4 气泡左边缘跟原点（已应用）
   跳过  ①-5 预览：锚点即原点（已应用）
   跳过  ①-6a noteDrop 加原点形参（已应用）
   跳过  ①-6b noteDrop 按原点落位（已应用）
   跳过  ①-7a noteCommit 把原点交给 noteDrop（已应用）
   跳过  ①-7b noteCommit 收尾清空原点（已应用）
--- ② 卡片两端对齐（ev/make109.py 的 EDITS 表 = E9）---
   跳过  ② E9 卡片两端对齐（已应用）
--- 上一层判据同步（ev/patch109l2.py）---
   跳过  l2 noteDrop 判据放宽（el, n[, at]）（已应用）
   全部存活 ✓

应用 0 项 / 跳过 11 项
   跳过  ①-1 新增 noteAt（原点）
   跳过  ①-2 noteCtrl 文案收口（编辑态 ⇒ 保存）
   跳过  ①-3 点选监听记下点击点
   跳过  ①-4 气泡左边缘跟原点
   跳过  ①-5 预览：锚点即原点
   跳过  ①-6a noteDrop 加原点形参
   跳过  ①-6b noteDrop 按原点落位
   跳过  ①-7a noteCommit 把原点交给 noteDrop
   跳过  ①-7b noteCommit 收尾清空原点
   跳过  ② E9 卡片两端对齐
   跳过  l2 noteDrop 判据放宽（el, n[, at]）
