### open
### wait skeleton
### open right panel
=== [0] 切到「审查」模块 ===
=== [1] ① DIFF 卡片化 ===
"{\"phase\":\"diff\",\"diff\":{\"present\":true,\"bodyDisplay\":\"flex\",\"bodyGap\":\"8px\",\"bodyPad\":\"8px\",\"cardCount\":4,\"cards\":[{\"x\":800,\"y\":142,\"w\":623,\"h\":299},{\"x\":800,\"y\":449,\"w\":623,\"h\":213},{\"x\":800,\"y\":670,\"w\":623,\"h\":40},{\"x\":800,\"y\":718,\"w\":623,\"h\":40}],\"gaps\":[8,8,8],\"cardBorderTop\":\"1px solid rgb(229, 229, 229)\",\"cardBorderBottom\":\"1px\",\"cardRadius\":\"8px\",\"cardBg\":\"rgb(255, 255, 255)\",\"cardOverflow\":\"hidden\",\"rowsBorderTop\":\"1px rgb(242, 242, 242)\",\"rowsPad\":\"2px 0px 6px\",\"noteMargin\":\"6px 12px 10px\"},\"oldTells\":{\"borderBottomWidth\":\"1px\",\"borderBottomStyle\":\"solid\",\"borderTopWidth\":\"1px\",\"radius\":\"8px\",\"bg\":\"rgb(255, 255, 255)\"}}"
=== [2] ② 抽屉：打开前 / 点击 / 打开后（分帧） ===
"{\"phase\":\"tree0\",\"treeBefore\":{\"present\":true,\"hidden\":true,\"open\":false,\"btnAria\":\"false\",\"zIndex\":\"35\",\"panelBox\":{\"x\":0,\"y\":0,\"w\":0,\"h\":0},\"panelW\":0,\"panelTransform\":\"none\",\"panelRadius\":\"rgb(229, 229, 229)\",\"scrimBox\":{\"x\":0,\"y\":0,\"w\":0,\"h\":0},\"scrimOpacity\":\"0\",\"paneBox\":{\"x\":791,\"y\":48,\"w\":641,\"h\":844},\"rowCount\":10,\"visibleRows\":10,\"visibleNames\":[\".giencoder-x\",\"memory\",\"games\",\"snake-game\",\"dist\",\"public\",\"src\",\"Controls.tsx\",\"useSnakeGame...\",\"package.json\"],\"activeName\":\"useSnakeGame...\",\"closedDirs\":[\"memory\",\"dist\",\"public\"],\"hasSearch\":true,\"headerText\":\"文件树\",\"closeX\":2},\"clicked\":true,\"ariaAfterClick\":\"true\"}"
"{\"phase\":\"tree1\",\"treeOpen\":{\"present\":true,\"hidden\":false,\"open\":true,\"btnAria\":\"true\",\"zIndex\":\"35\",\"panelBox\":{\"x\":1135,\"y\":49,\"w\":296,\"h\":842},\"panelW\":296,\"panelTransform\":\"none\",\"panelRadius\":\"rgb(229, 229, 229)\",\"scrimBox\":{\"x\":792,\"y\":49,\"w\":639,\"h\":842},\"scrimOpacity\":\"1\",\"paneBox\":{\"x\":791,\"y\":48,\"w\":641,\"h\":844},\"rowCount\":10,\"visibleRows\":10,\"visibleNames\":[\".giencoder-x\",\"memory\",\"games\",\"snake-game\",\"dist\",\"public\",\"src\",\"Controls.tsx\",\"useSnakeGame...\",\"package.json\"],\"activeName\":\"useSnakeGame...\",\"closedDirs\":[\"memory\",\"dist\",\"public\"],\"hasSearch\":true,\"headerText\":\"文件树\",\"closeX\":2}}"
--- 折叠 games（点 → 等 → 读） ---
"{\"phase\":\"fold\",\"clickedRow\":true}"
"{\"phase\":\"tree2\",\"treeAfterFold\":{\"present\":true,\"hidden\":false,\"open\":true,\"btnAria\":\"true\",\"zIndex\":\"35\",\"panelBox\":{\"x\":1135,\"y\":49,\"w\":296,\"h\":842},\"panelW\":296,\"panelTransform\":\"none\",\"panelRadius\":\"rgb(229, 229, 229)\",\"scrimBox\":{\"x\":792,\"y\":49,\"w\":639,\"h\":842},\"scrimOpacity\":\"1\",\"paneBox\":{\"x\":791,\"y\":48,\"w\":641,\"h\":844},\"rowCount\":10,\"visibleRows\":3,\"visibleNames\":[\".giencoder-x\",\"memory\",\"games\"],\"activeName\":\"useSnakeGame...\",\"closedDirs\":[\"memory\",\"games\",\"dist\",\"public\"],\"hasSearch\":true,\"headerText\":\"文件树\",\"closeX\":2}}"
--- 再展开 games ---
"{\"phase\":\"unfold\",\"clickedRow\":true}"
"{\"phase\":\"tree2b\",\"treeAfterUnfold\":{\"present\":true,\"hidden\":false,\"open\":true,\"btnAria\":\"true\",\"zIndex\":\"35\",\"panelBox\":{\"x\":1135,\"y\":49,\"w\":296,\"h\":842},\"panelW\":296,\"panelTransform\":\"none\",\"panelRadius\":\"rgb(229, 229, 229)\",\"scrimBox\":{\"x\":792,\"y\":49,\"w\":639,\"h\":842},\"scrimOpacity\":\"1\",\"paneBox\":{\"x\":791,\"y\":48,\"w\":641,\"h\":844},\"rowCount\":10,\"visibleRows\":10,\"visibleNames\":[\".giencoder-x\",\"memory\",\"games\",\"snake-game\",\"dist\",\"public\",\"src\",\"Controls.tsx\",\"useSnakeGame...\",\"package.json\"],\"activeName\":\"useSnakeGame...\",\"closedDirs\":[\"memory\",\"dist\",\"public\"],\"hasSearch\":true,\"headerText\":\"文件树\",\"closeX\":2}}"
--- 选中「文件」模块里的一个文件（验抽屉树自己的选中态） ---
"{\"phase\":\"pick\",\"clickedRow\":false}"
"{\"phase\":\"tree2c\",\"treeAfterPick\":{\"present\":true,\"hidden\":false,\"open\":true,\"btnAria\":\"true\",\"zIndex\":\"35\",\"panelBox\":{\"x\":1135,\"y\":49,\"w\":296,\"h\":842},\"panelW\":296,\"panelTransform\":\"none\",\"panelRadius\":\"rgb(229, 229, 229)\",\"scrimBox\":{\"x\":792,\"y\":49,\"w\":639,\"h\":842},\"scrimOpacity\":\"1\",\"paneBox\":{\"x\":791,\"y\":48,\"w\":641,\"h\":844},\"rowCount\":10,\"visibleRows\":10,\"visibleNames\":[\".giencoder-x\",\"memory\",\"games\",\"snake-game\",\"dist\",\"public\",\"src\",\"Controls.tsx\",\"useSnakeGame...\",\"package.json\"],\"activeName\":\"useSnakeGame...\",\"closedDirs\":[\"memory\",\"dist\",\"public\"],\"hasSearch\":true,\"headerText\":\"文件树\",\"closeX\":2}}"
--- 回归：点过抽屉树后，「文件」模块那棵树有没有被带坏 ---
"{\"phase\":\"regress\",\"filesRows\":28,\"filesActive\":\"useSnakeGame...\",\"filesHidden\":9,\"drawerRows\":10,\"drawerHidden\":0,\"drawerActive\":\"useSnakeGame...\"}"
--- 点遮罩关闭（点 → 等 → 读） ---
"{\"phase\":\"mask\",\"hasScrim\":true}"
"{\"phase\":\"tree3\",\"treeClosed\":{\"present\":true,\"hidden\":true,\"open\":false,\"btnAria\":\"false\",\"zIndex\":\"35\",\"panelBox\":{\"x\":0,\"y\":0,\"w\":0,\"h\":0},\"panelW\":0,\"panelTransform\":\"none\",\"panelRadius\":\"rgb(229, 229, 229)\",\"scrimBox\":{\"x\":0,\"y\":0,\"w\":0,\"h\":0},\"scrimOpacity\":\"0\",\"paneBox\":{\"x\":791,\"y\":48,\"w\":641,\"h\":844},\"rowCount\":10,\"visibleRows\":10,\"visibleNames\":[\".giencoder-x\",\"memory\",\"games\",\"snake-game\",\"dist\",\"public\",\"src\",\"Controls.tsx\",\"useSnakeGame...\",\"package.json\"],\"activeName\":\"useSnakeGame...\",\"closedDirs\":[\"memory\",\"dist\",\"public\"],\"hasSearch\":true,\"headerText\":\"文件树\",\"closeX\":2},\"paneOpen\":true}"
--- 重新打开 + Esc 裁决（抽屉关掉、侧栏不许关） ---
"{\"phase\":\"reopen\"}"
"{\"phase\":\"tree4\",\"treeReopen\":{\"present\":true,\"hidden\":false,\"open\":true,\"btnAria\":\"true\",\"zIndex\":\"35\",\"panelBox\":{\"x\":1135,\"y\":49,\"w\":296,\"h\":842},\"panelW\":296,\"panelTransform\":\"none\",\"panelRadius\":\"rgb(229, 229, 229)\",\"scrimBox\":{\"x\":792,\"y\":49,\"w\":639,\"h\":842},\"scrimOpacity\":\"1\",\"paneBox\":{\"x\":791,\"y\":48,\"w\":641,\"h\":844},\"rowCount\":10,\"visibleRows\":10,\"visibleNames\":[\".giencoder-x\",\"memory\",\"games\",\"snake-game\",\"dist\",\"public\",\"src\",\"Controls.tsx\",\"useSnakeGame...\",\"package.json\"],\"activeName\":\"useSnakeGame...\",\"closedDirs\":[\"memory\",\"dist\",\"public\"],\"hasSearch\":true,\"headerText\":\"文件树\",\"closeX\":2},\"paneOpen\":true}"
"{\"phase\":\"tree5\",\"treeAfterEsc\":{\"present\":true,\"hidden\":true,\"open\":false,\"btnAria\":\"false\",\"zIndex\":\"35\",\"panelBox\":{\"x\":0,\"y\":0,\"w\":0,\"h\":0},\"panelW\":0,\"panelTransform\":\"none\",\"panelRadius\":\"rgb(229, 229, 229)\",\"scrimBox\":{\"x\":0,\"y\":0,\"w\":0,\"h\":0},\"scrimOpacity\":\"0\",\"paneBox\":{\"x\":791,\"y\":48,\"w\":641,\"h\":844},\"rowCount\":10,\"visibleRows\":10,\"visibleNames\":[\".giencoder-x\",\"memory\",\"games\",\"snake-game\",\"dist\",\"public\",\"src\",\"Controls.tsx\",\"useSnakeGame...\",\"package.json\"],\"activeName\":\"useSnakeGame...\",\"closedDirs\":[\"memory\",\"dist\",\"public\"],\"hasSearch\":true,\"headerText\":\"文件树\",\"closeX\":2},\"paneOpen\":true,\"paneHidden\":false}"
### done
