=== recon：侧栏 / 可拖选文本 / 菜单现状 ===
{
  "addBtn": [
    1505,
    57,
    28,
    28
  ],
  "bodyCls": "",
  "browse": [
    1432,
    48,
    641,
    844
  ],
  "browseCls": "td-browse",
  "browseTx": "none",
  "drT": 80,
  "drT0": [
    0,
    0,
    0,
    0
  ],
  "drTUserSel": "auto",
  "menuAnim": "none",
  "menuCls": "td-mod-menu giencoder-dropdown-popup",
  "menuInline": [
    "",
    "",
    ""
  ],
  "menuOffsetParent": null,
  "menuOpacity": "0",
  "menuRect": [
    0,
    0,
    0,
    0
  ],
  "menuScale": "0.96",
  "menuTfOrigin": "0% 0%",
  "menuTrans": "opacity, translate, scale, visibility",
  "menuTransDur": "0.15s, 0.15s, 0.15s, 0s",
  "menuTranslate": "0px 4px",
  "menuVis": "hidden",
  "phase": "recon",
  "r93Scroll": [
    269,
    49,
    1162,
    604
  ],
  "rvBody": [
    0,
    0,
    0,
    0
  ],
  "rvBodyUserSel": "auto",
  "selbarExists": false,
  "sidebarIn": {
    "cands": 200,
    "wasOn": false
  },
  "winW": 1440
}
{
  "browse2": [
    1432,
    48,
    641,
    844
  ],
  "browseCls2": "td-browse",
  "phase": "in"
}
=== ② 逐帧采样（开）===
{
  "phase": "arm"
}
{
  "arm": 1,
  "log": [
    [
      0,
      "pre",
      "0",
      "hidden",
      "0px 4px",
      "0.96",
      "64px",
      "42px",
      0,
      0,
      0,
      0,
      "",
      "",
      0,
      0
    ],
    [
      1,
      "pre",
      "0",
      "hidden",
      "0px 4px",
      "0.96",
      "64px",
      "42px",
      0,
      0,
      0,
      0,
      "",
      "",
      0,
      0
    ],
    [
      2,
      "pre",
      "0",
      "hidden",
      "0px 4px",
      "0.96",
      "64px",
      "42px",
      0,
      0,
      0,
      0,
      "",
      "",
      0,
      0
    ],
    [
      3,
      "pre",
      "0",
      "hidden",
      "0px 4px",
      "0.96",
      "64px",
      "42px",
      0,
      0,
      0,
      0,
      "",
      "",
      0,
      0
    ],
    [
      4,
      "click",
      "1",
      "visible",
      "0px",
      "1",
      "72px",
      "42px",
      1505,
      91,
      168,
      182,
      "72px",
      "42px",
      1,
      1
    ],
    [
      5,
      "post",
      "1",
      "visible",
      "0px",
      "1",
      "72px",
      "42px",
      1505,
      91,
      168,
      182,
      "72px",
      "42px",
      1,
      1
    ],
    [
      6,
      "post",
      "1",
      "visible",
      "0px",
      "1",
      "72px",
      "42px",
      1505,
      91,
      168,
      182,
      "72px",
      "42px",
      1,
      1
    ],
    [
      7,
      "post",
      "1",
      "visible",
      "0px",
      "1",
      "72px",
      "42px",
      1505,
      91,
      168,
      182,
      "72px",
      "42px",
      1,
      1
    ],
    [
      8,
      "post",
      "1",
      "visible",
      "0px",
      "1",
      "72px",
      "42px",
      1505,
      91,
      168,
      182,
      "72px",
      "42px",
      1,
      1
    ],
    [
      9,
      "post",
      "1",
      "visible",
      "0px",
      "1",
      "72px",
      "42px",
      1505,
      91,
      168,
      182,
      "72px",
      "42px",
      1,
      1
    ],
    [
      10,
      "post",
      "1",
      "visible",
      "0px",
      "1",
      "72px",
      "42px",
      1505,
      91,
      168,
      182,
      "72px",
      "42px",
      1,
      1
    ],
    [
      11,
      "post",
      "1",
      "visible",
      "0px",
      "1",
      "72px",
      "42px",
      1505,
      91,
      168,
      182,
      "72px",
      "42px",
      1,
      1
    ],
    [
      12,
      "post",
      "1",
      "visible",
      "0px",
      "1",
      "72px",
      "42px",
      1505,
      91,
      168,
      182,
      "72px",
      "42px",
      1,
      1
    ],
    [
      13,
      "post",
      "1",
      "visible",
      "0px",
      "1",
      "72px",
      "42px",
      1505,
      91,
      168,
      182,
      "72px",
      "42px",
      1,
      1
    ],
    [
      14,
      "post",
      "1",
      "visible",
      "0px",
      "1",
      "72px",
      "42px",
      1505,
      91,
      168,
      182,
      "72px",
      "42px",
      1,
      1
    ],
    [
      15,
      "post",
      "1",
      "visible",
      "0px",
      "1",
      "72px",
      "42px",
      1505,
      91,
      168,
      182,
      "72px",
      "42px",
      1,
      1
    ],
    [
      16,
      "post",
      "1",
      "visible",
      "0px",
      "1",
      "72px",
      "42px",
      1505,
      91,
      168,
      182,
      "72px",
      "42px",
      1,
      1
    ],
    [
      17,
      "post",
      "1",
      "visible",
      "0px",
      "1",
      "72px",
      "42px",
      1505,
      91,
      168,
      182,
      "72px",
      "42px",
      1,
      1
    ],
    [
      18,
      "post",
      "1",
      "visible",
      "0px",
      "1",
      "72px",
      "42px",
      1505,
      91,
      168,
      182,
      "72px",
      "42px",
      1,
      1
    ],
    [
      19,
      "post",
      "1",
      "visible",
      "0px",
      "1",
      "72px",
      "42px",
      1505,
      91,
      168,
      182,
      "72px",
      "42px",
      1,
      1
    ],
    [
      20,
      "post",
      "1",
      "visible",
      "0px",
      "1",
      "72px",
      "42px",
      1505,
      91,
      168,
      182,
      "72px",
      "42px",
      1,
      1
    ],
    [
      21,
      "post",
      "1",
      "visible",
      "0px",
      "1",
      "72px",
      "42px",
      1505,
      91,
      168,
      182,
      "72px",
      "42px",
      1,
      1
    ],
    [
      22,
      "post",
      "1",
      "visible",
      "0px",
      "1",
      "72px",
      "42px",
      1505,
      91,
      168,
      182,
      "72px",
      "42px",
      1,
      1
    ],
    [
      23,
      "post",
      "1",
      "visible",
      "0px",
      "1",
      "72px",
      "42px",
      1505,
      91,
      168,
      182,
      "72px",
      "42px",
      1,
      1
    ],
    [
      24,
      "post",
      "1",
      "visible",
      "0px",
      "1",
      "72px",
      "42px",
      1505,
      91,
      168,
      182,
      "72px",
      "42px",
      1,
      1
    ],
    [
      25,
      "post",
      "1",
      "visible",
      "0px",
      "1",
      "72px",
      "42px",
      1505,
      91,
      168,
      182,
      "72px",
      "42px",
      1,
      1
    ],
    [
      26,
      "post",
      "1",
      "visible",
      "0px",
      "1",
      "72px",
      "42px",
      1505,
      91,
      168,
      182,
      "72px",
      "42px",
      1,
      1
    ],
    [
      27,
      "post",
      "1",
      "visible",
      "0px",
      "1",
      "72px",
      "42px",
      1505,
      91,
      168,
      182,
      "72px",
      "42px",
      1,
      1
    ],
    [
      28,
      "post",
      "1",
      "visible",
      "0px",
      "1",
      "72px",
      "42px",
      1505,
      91,
      168,
      182,
      "72px",
      "42px",
      1,
      1
    ],
    [
      29,
      "post",
      "1",
      "visible",
      "0px",
      "1",
      "72px",
      "42px",
      1505,
      91,
      168,
      182,
      "72px",
      "42px",
      1,
      1
    ],
    [
      30,
      "post",
      "1",
      "visible",
      "0px",
      "1",
      "72px",
      "42px",
      1505,
      91,
      168,
      182,
      "72px",
      "42px",
      1,
      1
    ],
    [
      31,
      "post",
      "1",
      "visible",
      "0px",
      "1",
      "72px",
      "42px",
      1505,
      91,
      168,
      182,
      "72px",
      "42px",
      1,
      1
    ],
    [
      32,
      "post",
      "1",
      "visible",
      "0px",
      "1",
      "72px",
      "42px",
      1505,
      91,
      168,
      182,
      "72px",
      "42px",
      1,
      1
    ],
    [
      33,
      "post",
      "1",
      "visible",
      "0px",
      "1",
      "72px",
      "42px",
      1505,
      91,
      168,
      182,
      "72px",
      "42px",
      1,
      1
    ],
    [
      34,
      "post",
      "1",
      "visible",
      "0px",
      "1",
      "72px",
      "42px",
      1505,
      91,
      168,
      182,
      "72px",
      "42px",
      1,
      1
    ],
    [
      35,
      "post",
      "1",
      "visible",
      "0px",
      "1",
      "72px",
      "42px",
      1505,
      91,
      168,
      182,
      "72px",
      "42px",
      1,
      1
    ],
    [
      36,
      "post",
      "1",
      "visible",
      "0px",
      "1",
      "72px",
      "42px",
      1505,
      91,
      168,
      182,
      "72px",
      "42px",
      1,
      1
    ],
    [
      37,
      "post",
      "1",
      "visible",
      "0px",
      "1",
      "72px",
      "42px",
      1505,
      91,
      168,
      182,
      "72px",
      "42px",
      1,
      1
    ],
    [
      38,
      "post",
      "1",
      "visible",
      "0px",
      "1",
      "72px",
      "42px",
      1505,
      91,
      168,
      182,
      "72px",
      "42px",
      1,
      1
    ],
    [
      39,
      "post",
      "1",
      "visible",
      "0px",
      "1",
      "72px",
      "42px",
      1505,
      91,
      168,
      182,
      "72px",
      "42px",
      1,
      1
    ]
  ],
  "phase": "read"
}
=== ② 逐帧采样（开→关）===
{
  "phase": "armClose"
}
{
  "log": [
    [
      0,
      "pre",
      "1",
      "visible",
      "0px",
      "1",
      1505,
      91,
      1,
      1
    ],
    [
      1,
      "pre",
      "1",
      "visible",
      "0px",
      "1",
      1505,
      91,
      1,
      1
    ],
    [
      2,
      "pre",
      "1",
      "visible",
      "0px",
      "1",
      1505,
      91,
      1,
      1
    ],
    [
      3,
      "pre",
      "1",
      "visible",
      "0px",
      "1",
      1505,
      91,
      1,
      1
    ],
    [
      4,
      "open",
      "0",
      "hidden",
      "0px 4px",
      "0.96",
      0,
      0,
      0,
      0
    ],
    [
      5,
      "open",
      "0",
      "hidden",
      "0px 4px",
      "0.96",
      0,
      0,
      0,
      0
    ],
    [
      6,
      "open",
      "0",
      "hidden",
      "0px 4px",
      "0.96",
      0,
      0,
      0,
      0
    ],
    [
      7,
      "open",
      "0",
      "hidden",
      "0px 4px",
      "0.96",
      0,
      0,
      0,
      0
    ],
    [
      8,
      "open",
      "0",
      "hidden",
      "0px 4px",
      "0.96",
      0,
      0,
      0,
      0
    ],
    [
      9,
      "open",
      "0",
      "hidden",
      "0px 4px",
      "0.96",
      0,
      0,
      0,
      0
    ],
    [
      10,
      "open",
      "0",
      "hidden",
      "0px 4px",
      "0.96",
      0,
      0,
      0,
      0
    ],
    [
      11,
      "open",
      "0",
      "hidden",
      "0px 4px",
      "0.96",
      0,
      0,
      0,
      0
    ],
    [
      12,
      "open",
      "0",
      "hidden",
      "0px 4px",
      "0.96",
      0,
      0,
      0,
      0
    ],
    [
      13,
      "open",
      "0",
      "hidden",
      "0px 4px",
      "0.96",
      0,
      0,
      0,
      0
    ],
    [
      14,
      "open",
      "0",
      "hidden",
      "0px 4px",
      "0.96",
      0,
      0,
      0,
      0
    ],
    [
      15,
      "open",
      "0",
      "hidden",
      "0px 4px",
      "0.96",
      0,
      0,
      0,
      0
    ],
    [
      16,
      "close",
      "1",
      "visible",
      "0px",
      "1",
      1505,
      91,
      1,
      1
    ],
    [
      17,
      "close",
      "1",
      "visible",
      "0px",
      "1",
      1505,
      91,
      1,
      1
    ],
    [
      18,
      "close",
      "1",
      "visible",
      "0px",
      "1",
      1505,
      91,
      1,
      1
    ],
    [
      19,
      "close",
      "1",
      "visible",
      "0px",
      "1",
      1505,
      91,
      1,
      1
    ],
    [
      20,
      "close",
      "1",
      "visible",
      "0px",
      "1",
      1505,
      91,
      1,
      1
    ],
    [
      21,
      "close",
      "1",
      "visible",
      "0px",
      "1",
      1505,
      91,
      1,
      1
    ],
    [
      22,
      "close",
      "1",
      "visible",
      "0px",
      "1",
      1505,
      91,
      1,
      1
    ],
    [
      23,
      "close",
      "1",
      "visible",
      "0px",
      "1",
      1505,
      91,
      1,
      1
    ],
    [
      24,
      "close",
      "1",
      "visible",
      "0px",
      "1",
      1505,
      91,
      1,
      1
    ],
    [
      25,
      "close",
      "1",
      "visible",
      "0px",
      "1",
      1505,
      91,
      1,
      1
    ],
    [
      26,
      "close",
      "1",
      "visible",
      "0px",
      "1",
      1505,
      91,
      1,
      1
    ],
    [
      27,
      "close",
      "1",
      "visible",
      "0px",
      "1",
      1505,
      91,
      1,
      1
    ],
    [
      28,
      "close",
      "1",
      "visible",
      "0px",
      "1",
      1505,
      91,
      1,
      1
    ],
    [
      29,
      "close",
      "1",
      "visible",
      "0px",
      "1",
      1505,
      91,
      1,
      1
    ],
    [
      30,
      "close",
      "1",
      "visible",
      "0px",
      "1",
      1505,
      91,
      1,
      1
    ],
    [
      31,
      "close",
      "1",
      "visible",
      "0px",
      "1",
      1505,
      91,
      1,
      1
    ],
    [
      32,
      "close",
      "1",
      "visible",
      "0px",
      "1",
      1505,
      91,
      1,
      1
    ],
    [
      33,
      "close",
      "1",
      "visible",
      "0px",
      "1",
      1505,
      91,
      1,
      1
    ]
  ],
  "phase": "readClose"
}
=== ① 合成选区（只验守卫这一层）===
{
  "dispatched": 1,
  "hostCls": "td-diff-path",
  "inBrowse": true,
  "phase": "synthSel",
  "selected": ""
}
{
  "phase": "selRead",
  "selRangeCount": 1,
  "selText": "",
  "selbarBtns": [],
  "selbarExists": false,
  "selbarHidden": null,
  "selbarRect": null
}
done
