=== 侧栏滑进视口 ===
{
  "browse": [
    1432,
    48,
    641,
    844
  ],
  "done": [
    "open:terminal",
    "open:browser",
    "open:review"
  ],
  "phase": "openSide",
  "slot": [
    1432,
    48,
    0,
    844
  ]
}
{
  "addBtn": [
    1160,
    57,
    28,
    28
  ],
  "browse": [
    791,
    48,
    641,
    844
  ],
  "menuAnims": [],
  "menuDisplay": "none",
  "menuHidden": true,
  "menuVis": "hidden",
  "phase": "in",
  "r93Scroll": [
    13,
    49,
    778,
    604
  ]
}
=== ② 逐帧采样（侧栏已开）===
{
  "phase": "arm2"
}
{
  "done": 1,
  "log": [
    [
      0,
      "pre",
      "none",
      "hidden",
      "0",
      "0px 4px",
      "0.96",
      0,
      0,
      0,
      0,
      0,
      0,
      "",
      "",
      "",
      1160,
      57
    ],
    [
      1,
      "pre",
      "none",
      "hidden",
      "0",
      "0px 4px",
      "0.96",
      0,
      0,
      0,
      0,
      0,
      0,
      "",
      "",
      "",
      1160,
      57
    ],
    [
      2,
      "pre",
      "none",
      "hidden",
      "0",
      "0px 4px",
      "0.96",
      0,
      0,
      0,
      0,
      0,
      0,
      "",
      "",
      "",
      1160,
      57
    ],
    [
      3,
      "pre",
      "none",
      "hidden",
      "0",
      "0px 4px",
      "0.96",
      0,
      0,
      0,
      0,
      0,
      0,
      "",
      "",
      "",
      1160,
      57
    ],
    [
      4,
      "click",
      "flex",
      "visible",
      "0",
      "0px 4px",
      "0.96",
      368,
      42,
      168,
      182,
      1,
      1,
      "368px",
      "42px",
      "opacity|scale|translate",
      1160,
      57
    ],
    [
      5,
      "post",
      "flex",
      "visible",
      "0.188273",
      "0px 2.6225px",
      "0.973775",
      368,
      42,
      168,
      182,
      1,
      1,
      "368px",
      "42px",
      "opacity|scale|translate",
      1160,
      57
    ],
    [
      6,
      "post",
      "flex",
      "visible",
      "0.425908",
      "0px 1.54521px",
      "0.984548",
      368,
      42,
      168,
      182,
      1,
      1,
      "368px",
      "42px",
      "opacity|scale|translate",
      1160,
      57
    ],
    [
      7,
      "post",
      "flex",
      "visible",
      "0.675957",
      "0px 0.735618px",
      "0.992644",
      368,
      42,
      168,
      182,
      1,
      1,
      "368px",
      "42px",
      "opacity|scale|translate",
      1160,
      57
    ],
    [
      8,
      "post",
      "flex",
      "visible",
      "0.821058",
      "0px 0.173143px",
      "0.998269",
      368,
      42,
      168,
      182,
      1,
      1,
      "368px",
      "42px",
      "opacity|scale|translate",
      1160,
      57
    ],
    [
      9,
      "post",
      "flex",
      "visible",
      "0.894468",
      "0px -0.175985px",
      "1.00176",
      368,
      42,
      168,
      182,
      1,
      1,
      "368px",
      "42px",
      "opacity|scale|translate",
      1160,
      57
    ],
    [
      10,
      "post",
      "flex",
      "visible",
      "0.936465",
      "0px -0.35009px",
      "1.0035",
      368,
      42,
      168,
      182,
      1,
      1,
      "368px",
      "42px",
      "opacity|scale|translate",
      1160,
      57
    ],
    [
      11,
      "post",
      "flex",
      "visible",
      "0.96233",
      "0px -0.390444px",
      "1.0039",
      368,
      42,
      168,
      182,
      1,
      1,
      "368px",
      "42px",
      "opacity|scale|translate",
      1160,
      57
    ],
    [
      12,
      "post",
      "flex",
      "visible",
      "0.979038",
      "0px -0.339015px",
      "1.00339",
      368,
      42,
      168,
      182,
      1,
      1,
      "368px",
      "42px",
      "opacity|scale|translate",
      1160,
      57
    ],
    [
      13,
      "post",
      "flex",
      "visible",
      "0.989489",
      "0px -0.238037px",
      "1.00238",
      368,
      42,
      168,
      182,
      1,
      1,
      "368px",
      "42px",
      "opacity|scale|translate",
      1160,
      57
    ],
    [
      14,
      "post",
      "flex",
      "visible",
      "0.995803",
      "0px -0.124904px",
      "1.00125",
      368,
      42,
      168,
      182,
      1,
      1,
      "368px",
      "42px",
      "opacity|scale|translate",
      1160,
      57
    ],
    [
      15,
      "post",
      "flex",
      "visible",
      "0.999054",
      "0px -0.0353153px",
      "1.00035",
      368,
      42,
      168,
      182,
      1,
      1,
      "368px",
      "42px",
      "opacity|scale|translate",
      1160,
      57
    ],
    [
      16,
      "post",
      "flex",
      "visible",
      "1",
      "0px",
      "1",
      368,
      42,
      168,
      182,
      1,
      1,
      "368px",
      "42px",
      "",
      1160,
      57
    ],
    [
      17,
      "post",
      "flex",
      "visible",
      "1",
      "0px",
      "1",
      368,
      42,
      168,
      182,
      1,
      1,
      "368px",
      "42px",
      "",
      1160,
      57
    ],
    [
      18,
      "post",
      "flex",
      "visible",
      "1",
      "0px",
      "1",
      368,
      42,
      168,
      182,
      1,
      1,
      "368px",
      "42px",
      "",
      1160,
      57
    ],
    [
      19,
      "post",
      "flex",
      "visible",
      "1",
      "0px",
      "1",
      368,
      42,
      168,
      182,
      1,
      1,
      "368px",
      "42px",
      "",
      1160,
      57
    ],
    [
      20,
      "post",
      "flex",
      "visible",
      "1",
      "0px",
      "1",
      368,
      42,
      168,
      182,
      1,
      1,
      "368px",
      "42px",
      "",
      1160,
      57
    ],
    [
      21,
      "post",
      "flex",
      "visible",
      "1",
      "0px",
      "1",
      368,
      42,
      168,
      182,
      1,
      1,
      "368px",
      "42px",
      "",
      1160,
      57
    ],
    [
      22,
      "post",
      "flex",
      "visible",
      "1",
      "0px",
      "1",
      368,
      42,
      168,
      182,
      1,
      1,
      "368px",
      "42px",
      "",
      1160,
      57
    ],
    [
      23,
      "post",
      "flex",
      "visible",
      "1",
      "0px",
      "1",
      368,
      42,
      168,
      182,
      1,
      1,
      "368px",
      "42px",
      "",
      1160,
      57
    ],
    [
      24,
      "post",
      "flex",
      "visible",
      "1",
      "0px",
      "1",
      368,
      42,
      168,
      182,
      1,
      1,
      "368px",
      "42px",
      "",
      1160,
      57
    ],
    [
      25,
      "post",
      "flex",
      "visible",
      "1",
      "0px",
      "1",
      368,
      42,
      168,
      182,
      1,
      1,
      "368px",
      "42px",
      "",
      1160,
      57
    ],
    [
      26,
      "post",
      "flex",
      "visible",
      "1",
      "0px",
      "1",
      368,
      42,
      168,
      182,
      1,
      1,
      "368px",
      "42px",
      "",
      1160,
      57
    ],
    [
      27,
      "post",
      "flex",
      "visible",
      "1",
      "0px",
      "1",
      368,
      42,
      168,
      182,
      1,
      1,
      "368px",
      "42px",
      "",
      1160,
      57
    ],
    [
      28,
      "post",
      "flex",
      "visible",
      "1",
      "0px",
      "1",
      368,
      42,
      168,
      182,
      1,
      1,
      "368px",
      "42px",
      "",
      1160,
      57
    ],
    [
      29,
      "post",
      "flex",
      "visible",
      "1",
      "0px",
      "1",
      368,
      42,
      168,
      182,
      1,
      1,
      "368px",
      "42px",
      "",
      1160,
      57
    ],
    [
      30,
      "post",
      "flex",
      "visible",
      "1",
      "0px",
      "1",
      368,
      42,
      168,
      182,
      1,
      1,
      "368px",
      "42px",
      "",
      1160,
      57
    ],
    [
      31,
      "post",
      "flex",
      "visible",
      "1",
      "0px",
      "1",
      368,
      42,
      168,
      182,
      1,
      1,
      "368px",
      "42px",
      "",
      1160,
      57
    ],
    [
      32,
      "post",
      "flex",
      "visible",
      "1",
      "0px",
      "1",
      368,
      42,
      168,
      182,
      1,
      1,
      "368px",
      "42px",
      "",
      1160,
      57
    ],
    [
      33,
      "post",
      "flex",
      "visible",
      "1",
      "0px",
      "1",
      368,
      42,
      168,
      182,
      1,
      1,
      "368px",
      "42px",
      "",
      1160,
      57
    ]
  ],
  "phase": "read2"
}
mg-work/r108/ev/probe108v2.sh: line 30: [hidden]: command not found
===  压不压得住 ===
{
  "afterShow": [
    "flex",
    "visible",
    "1",
    [
      1160,
      91,
      168,
      182
    ]
  ],
  "before": [
    "flex",
    "visible",
    false
  ],
  "phase": "probeHidden"
}
=== 菜单打开后的静态版面 ===
✗ CDP error (Page.captureScreenshot): Cannot take screenshot with 0 width.
✓ Screenshot saved to E:/GienCoder/giencoder-design-engineering/mg-work/r108/raw/v-after-side.png
done
