=== 对照实验 ===
{
  "phase": "exp",
  "started": 1
}
{
  "exp": [
    {
      "log": [
        [
          0,
          "pre",
          "0",
          "0px 4px",
          "0.96",
          "hidden",
          ""
        ],
        [
          1,
          "pre",
          "0",
          "0px 4px",
          "0.96",
          "hidden",
          ""
        ],
        [
          2,
          "pre",
          "0",
          "0px 4px",
          "0.96",
          "hidden",
          ""
        ],
        [
          3,
          "open",
          "1",
          "0px",
          "1",
          "visible",
          ""
        ],
        [
          4,
          "post",
          "1",
          "0px",
          "1",
          "visible",
          ""
        ],
        [
          5,
          "post",
          "1",
          "0px",
          "1",
          "visible",
          ""
        ],
        [
          6,
          "post",
          "1",
          "0px",
          "1",
          "visible",
          ""
        ],
        [
          7,
          "post",
          "1",
          "0px",
          "1",
          "visible",
          ""
        ],
        [
          8,
          "post",
          "1",
          "0px",
          "1",
          "visible",
          ""
        ],
        [
          9,
          "post",
          "1",
          "0px",
          "1",
          "visible",
          ""
        ],
        [
          10,
          "post",
          "1",
          "0px",
          "1",
          "visible",
          ""
        ],
        [
          11,
          "post",
          "1",
          "0px",
          "1",
          "visible",
          ""
        ],
        [
          12,
          "post",
          "1",
          "0px",
          "1",
          "visible",
          ""
        ],
        [
          13,
          "post",
          "1",
          "0px",
          "1",
          "visible",
          ""
        ],
        [
          14,
          "post",
          "1",
          "0px",
          "1",
          "visible",
          ""
        ],
        [
          15,
          "post",
          "1",
          "0px",
          "1",
          "visible",
          ""
        ],
        [
          16,
          "post",
          "1",
          "0px",
          "1",
          "visible",
          ""
        ],
        [
          17,
          "post",
          "1",
          "0px",
          "1",
          "visible",
          ""
        ],
        [
          18,
          "post",
          "1",
          "0px",
          "1",
          "visible",
          ""
        ],
        [
          19,
          "post",
          "1",
          "0px",
          "1",
          "visible",
          ""
        ],
        [
          20,
          "post",
          "1",
          "0px",
          "1",
          "visible",
          ""
        ],
        [
          21,
          "post",
          "1",
          "0px",
          "1",
          "visible",
          ""
        ]
      ],
      "name": "A 现状",
      "twoStep": false
    },
    {
      "log": [
        [
          0,
          "pre",
          "0",
          "0px 4px",
          "0.96",
          "hidden",
          ""
        ],
        [
          1,
          "pre",
          "0",
          "0px 4px",
          "0.96",
          "hidden",
          ""
        ],
        [
          2,
          "pre",
          "0",
          "0px 4px",
          "0.96",
          "hidden",
          ""
        ],
        [
          3,
          "open",
          "0",
          "0px 4px",
          "0.96",
          "visible",
          "opacity:running|scale:running|translate:running"
        ],
        [
          4,
          "post",
          "0.188513",
          "0px 2.62111px",
          "0.973789",
          "visible",
          "opacity:running|scale:running|translate:running"
        ],
        [
          5,
          "post",
          "0.427798",
          "0px 1.5385px",
          "0.984615",
          "visible",
          "opacity:running|scale:running|translate:running"
        ],
        [
          6,
          "post",
          "0.676188",
          "0px 0.734843px",
          "0.992652",
          "visible",
          "opacity:running|scale:running|translate:running"
        ],
        [
          7,
          "post",
          "0.821171",
          "0px 0.172632px",
          "0.998274",
          "visible",
          "opacity:running|scale:running|translate:running"
        ],
        [
          8,
          "post",
          "0.894206",
          "0px -0.174746px",
          "1.00175",
          "visible",
          "opacity:running|scale:running|translate:running"
        ],
        [
          9,
          "post",
          "0.936502",
          "0px -0.350204px",
          "1.0035",
          "visible",
          "opacity:running|scale:running|translate:running"
        ],
        [
          10,
          "post",
          "0.962354",
          "0px -0.39043px",
          "1.0039",
          "visible",
          "opacity:running|scale:running|translate:running"
        ],
        [
          11,
          "post",
          "0.978974",
          "0px -0.339418px",
          "1.00339",
          "visible",
          "opacity:running|scale:running|translate:running"
        ],
        [
          12,
          "post",
          "0.989499",
          "0px -0.237908px",
          "1.00238",
          "visible",
          "opacity:running|scale:running|translate:running"
        ],
        [
          13,
          "post",
          "0.995808",
          "0px -0.124782px",
          "1.00125",
          "visible",
          "opacity:running|scale:running|translate:running"
        ],
        [
          14,
          "post",
          "0.999056",
          "0px -0.0352389px",
          "1.00035",
          "visible",
          "opacity:running|scale:running|translate:running"
        ],
        [
          15,
          "post",
          "1",
          "0px",
          "1",
          "visible",
          ""
        ],
        [
          16,
          "post",
          "1",
          "0px",
          "1",
          "visible",
          ""
        ],
        [
          17,
          "post",
          "1",
          "0px",
          "1",
          "visible",
          ""
        ],
        [
          18,
          "post",
          "1",
          "0px",
          "1",
          "visible",
          ""
        ],
        [
          19,
          "post",
          "1",
          "0px",
          "1",
          "visible",
          ""
        ],
        [
          20,
          "post",
          "1",
          "0px",
          "1",
          "visible",
          ""
        ],
        [
          21,
          "post",
          "1",
          "0px",
          "1",
          "visible",
          ""
        ]
      ],
      "name": "B 两步",
      "twoStep": true
    }
  ],
  "phase": "expRead"
}
{
  "hidden": true,
  "phase": "expReset"
}
done
