=== 侧栏滑进视口（审查模块）===
{
  "browse": [
    1432,
    48,
    641,
    844
  ],
  "done": "open:review",
  "phase": "openSide"
}
=== 审查模块：几何 ===
{
  "browseUserSel": "auto",
  "cardCount": 4,
  "drTUserSel": "auto",
  "drag": [
    873,
    194,
    991,
    214
  ],
  "phase": "rvGeom",
  "picks": [
    {
      "box": [
        871,
        185,
        298,
        17
      ],
      "cls": "td-dr-t",
      "txt": "<aside class=\"td-browse\" aria-label=\"文件预",
      "y": 194
    },
    {
      "box": [
        871,
        205,
        280,
        17
      ],
      "cls": "td-dr-t",
      "txt": "<span class=\"td-browse-tab\">摘要</span>",
      "y": 214
    }
  ],
  "rows": 27,
  "rvBodyUserSel": "auto",
  "rvScrollTop": 0
}
drag = [873 194 991 214]
=== 拖选后 ===
{
  "phase": "read",
  "selRange": 1,
  "selText": "   <aside class=\"td-browse\" aria-label=\"文件预览\">\n89\n−     <span class=\"td",
  "selbarBox": null,
  "selbarBtns": [],
  "selbarExists": false,
  "selbarFont": null,
  "selbarHidden": null
}
✓ Screenshot saved to E:/GienCoder/giencoder-design-engineering/mg-work/r108/raw/w-before-selbar.png
{
  "found": false,
  "phase": "clickCopy"
}
{
  "phase": "read",
  "selRange": 1,
  "selText": "   <aside class=\"td-browse\" aria-label=\"文件预览\">\n89\n−     <span class=\"td",
  "selbarBox": null,
  "selbarBtns": [],
  "selbarExists": false,
  "selbarFont": null,
  "selbarHidden": null
}
=== 摘要模块（散文）===
{
  "done": "tab:summary",
  "phase": "openSummary"
}
{
  "drag": [
    866,
    113,
    1004,
    113
  ],
  "phase": "geomSummary",
  "pick": {
    "box": [
      864,
      105,
      170,
      16
    ],
    "cls": "td-sum-hint",
    "txt": "4 轮 · 12 次工具调用 · 2 分 18 秒"
  }
}
drag = [866 113 1004 113]
{
  "phase": "read",
  "selRange": 1,
  "selText": "4 轮 · 12 次工具调用 · 2 分 ",
  "selbarBox": null,
  "selbarBtns": [],
  "selbarExists": false,
  "selbarFont": null,
  "selbarHidden": null
}
=== 文件模块（代码区）===
{
  "done": "open:files",
  "phase": "openFiles"
}
{
  "phase": "geomFiles",
  "pick": null
}
drag = []
done
