# gaps.log — 设计系统 Token 缺口记录
# 以下硬编码值未找到对应的设计系统 token，需手动补充

avatar.html:917 — 硬编码字号 11px，应使用 var(--font-size-*)
avatar.html:969 — 硬编码字号 14px，应使用 var(--font-size-*)
dev.html:407 — 硬编码字号 14px，应使用 var(--font-size-*)
dev.html:413 — 硬编码字号 14px，应使用 var(--font-size-*)
dev.html:417 — 硬编码字号 14px，应使用 var(--font-size-*)
kanban.html:478 — 硬编码字号 14px，应使用 var(--font-size-*)
kanban.html:493 — 硬编码字号 14px，应使用 var(--font-size-*)
kanban.html:503 — 硬编码字号 12px，应使用 var(--font-size-*)
kanban.html:532 — 硬编码字号 14px，应使用 var(--font-size-*)
kanban.html:554 — 硬编码字号 14px，应使用 var(--font-size-*)
kanban.html:560 — 硬编码字号 24px，应使用 var(--font-size-*)
kanban.html:579 — 硬编码字号 16px，应使用 var(--font-size-*)
kanban.html:592 — 硬编码字号 14px，应使用 var(--font-size-*)
kanban.html:594 — 硬编码字号 10px，应使用 var(--font-size-*)
kanban.html:623 — 硬编码字号 14px，应使用 var(--font-size-*)
kanban.html:633 — 硬编码字号 12px，应使用 var(--font-size-*)
kanban.html:642 — 硬编码字号 12px，应使用 var(--font-size-*)
kanban.html:643 — 硬编码字号 12px，应使用 var(--font-size-*)
kanban.html:644 — 硬编码字号 12px，应使用 var(--font-size-*)
kanban.html:648 — 硬编码字号 12px，应使用 var(--font-size-*)
kanban.html:682 — 硬编码字号 12px，应使用 var(--font-size-*)
kanban.html:687 — 硬编码字号 12px，应使用 var(--font-size-*)
kanban.html:1070 — 硬编码字号 15px，应使用 var(--font-size-*)
req-kanban.html:792 — CSS 硬编码色值 #E0F5F2，应使用设计系统变量 var(--color-*)
req-kanban.html:792 — CSS 硬编码色值 #0FA79A，应使用设计系统变量 var(--color-*)
req-kanban.html:466 — 硬编码字号 14px，应使用 var(--font-size-*)
req-kanban.html:481 — 硬编码字号 14px，应使用 var(--font-size-*)
req-kanban.html:491 — 硬编码字号 12px，应使用 var(--font-size-*)
req-kanban.html:512 — 硬编码字号 14px，应使用 var(--font-size-*)
req-kanban.html:530 — 硬编码字号 14px，应使用 var(--font-size-*)
req-kanban.html:536 — 硬编码字号 24px，应使用 var(--font-size-*)
req-kanban.html:544 — 硬编码字号 16px，应使用 var(--font-size-*)
req-kanban.html:554 — 硬编码字号 14px，应使用 var(--font-size-*)
req-kanban.html:555 — 硬编码字号 13px，应使用 var(--font-size-*)
req-kanban.html:556 — 硬编码字号 10px，应使用 var(--font-size-*)
req-kanban.html:564 — 硬编码字号 14px，应使用 var(--font-size-*)
req-kanban.html:566 — 硬编码字号 12px，应使用 var(--font-size-*)
req-kanban.html:575 — 硬编码字号 12px，应使用 var(--font-size-*)
req-kanban.html:576 — 硬编码字号 12px，应使用 var(--font-size-*)
req-kanban.html:577 — 硬编码字号 12px，应使用 var(--font-size-*)
req-kanban.html:581 — 硬编码字号 12px，应使用 var(--font-size-*)
req-kanban.html:586 — 硬编码字号 12px，应使用 var(--font-size-*)
req-kanban.html:588 — 硬编码字号 12px，应使用 var(--font-size-*)
req-kanban.html:593 — 硬编码字号 12px，应使用 var(--font-size-*)
req-kanban.html:734 — 硬编码字号 24px，应使用 var(--font-size-*)
req-kanban.html:740 — 硬编码字号 16px，应使用 var(--font-size-*)
task-detail.html:520 — 硬编码字号 16px，应使用 var(--font-size-*)
task-detail.html:556 — 硬编码字号 18px，应使用 var(--font-size-*)
task-detail.html:1414 — 硬编码字号 11px，应使用 var(--font-size-*)
task-detail.html:1473 — 硬编码字号 14px，应使用 var(--font-size-*)
task-detail.html:1596 — 硬编码字号 14px，应使用 var(--font-size-*)
task-detail.html:1597 — 硬编码字号 12px，应使用 var(--font-size-*)
task-detail.html:1602 — 硬编码字号 14px，应使用 var(--font-size-*)
task-detail.html:1615 — 硬编码字号 14px，应使用 var(--font-size-*)
task-detail.html:1623 — 硬编码字号 12px，应使用 var(--font-size-*)
task-detail.html:1628 — 硬编码字号 14px，应使用 var(--font-size-*)
task-detail.html:1716 — 硬编码字号 16px，应使用 var(--font-size-*)
task-detail.html:1728 — 硬编码字号 14px，应使用 var(--font-size-*)
task-detail.html:1755 — 硬编码字号 14px，应使用 var(--font-size-*)
task-detail.html:1784 — 硬编码字号 14px，应使用 var(--font-size-*)
task-detail.html:1788 — 硬编码字号 14px，应使用 var(--font-size-*)
task-detail.html:1790 — 硬编码字号 14px，应使用 var(--font-size-*)
task-detail.html:1796 — 硬编码字号 14px，应使用 var(--font-size-*)
task-detail.html:1806 — 硬编码字号 14px，应使用 var(--font-size-*)
task-detail.html:2139 — 硬编码字号 15px，应使用 var(--font-size-*)
